ARM Linker, 5.03 [Build 24] [MDK-ARM Standard]

==============================================================================

Section Cross References

    sccb.o(i.DCMI_SingleRandomRead) refers to stm32f4xx_i2c.o(i.I2C_GenerateSTART) for I2C_GenerateSTART
    sccb.o(i.DCMI_SingleRandomRead) refers to stm32f4xx_i2c.o(i.I2C_CheckEvent) for I2C_CheckEvent
    sccb.o(i.DCMI_SingleRandomRead) refers to stm32f4xx_i2c.o(i.I2C_Send7bitAddress) for I2C_Send7bitAddress
    sccb.o(i.DCMI_SingleRandomRead) refers to stm32f4xx_i2c.o(i.I2C_SendData) for I2C_SendData
    sccb.o(i.DCMI_SingleRandomRead) refers to stm32f4xx_i2c.o(i.I2C_GenerateSTOP) for I2C_GenerateSTOP
    sccb.o(i.DCMI_SingleRandomRead) refers to stm32f4xx_i2c.o(i.I2C_AcknowledgeConfig) for I2C_AcknowledgeConfig
    sccb.o(i.DCMI_SingleRandomRead) refers to stm32f4xx_i2c.o(i.I2C_ReceiveData) for I2C_ReceiveData
    sccb.o(i.DCMI_SingleRandomRead) refers to sccb.o(.data) for .data
    sccb.o(i.DCMI_SingleRandomWrite) refers to stm32f4xx_i2c.o(i.I2C_GenerateSTART) for I2C_GenerateSTART
    sccb.o(i.DCMI_SingleRandomWrite) refers to stm32f4xx_i2c.o(i.I2C_CheckEvent) for I2C_CheckEvent
    sccb.o(i.DCMI_SingleRandomWrite) refers to stm32f4xx_i2c.o(i.I2C_Send7bitAddress) for I2C_Send7bitAddress
    sccb.o(i.DCMI_SingleRandomWrite) refers to stm32f4xx_i2c.o(i.I2C_SendData) for I2C_SendData
    sccb.o(i.DCMI_SingleRandomWrite) refers to stm32f4xx_i2c.o(i.I2C_GenerateSTOP) for I2C_GenerateSTOP
    sccb.o(i.DCMI_SingleRandomWrite) refers to sccb.o(.data) for .data
    sccb.o(i.SCCB_GPIO_Config) refers to stm32f4xx_rcc.o(i.RCC_AHB1PeriphClockCmd) for RCC_AHB1PeriphClockCmd
    sccb.o(i.SCCB_GPIO_Config) refers to stm32f4xx_rcc.o(i.RCC_APB1PeriphClockCmd) for RCC_APB1PeriphClockCmd
    sccb.o(i.SCCB_GPIO_Config) refers to stm32f4xx_gpio.o(i.GPIO_PinAFConfig) for GPIO_PinAFConfig
    sccb.o(i.SCCB_GPIO_Config) refers to stm32f4xx_gpio.o(i.GPIO_Init) for GPIO_Init
    sccb.o(i.SCCB_GPIO_Config) refers to stm32f4xx_i2c.o(i.I2C_DeInit) for I2C_DeInit
    sccb.o(i.SCCB_GPIO_Config) refers to stm32f4xx_i2c.o(i.I2C_Init) for I2C_Init
    sccb.o(i.SCCB_GPIO_Config) refers to stm32f4xx_i2c.o(i.I2C_Cmd) for I2C_Cmd
    sccb.o(i.SCCB_GPIO_Config) refers to stm32f4xx_i2c.o(i.I2C_AcknowledgeConfig) for I2C_AcknowledgeConfig
    sccb.o(i.SCCB_Write) refers to stm32f4xx_i2c.o(i.I2C_GenerateSTART) for I2C_GenerateSTART
    sccb.o(i.SCCB_Write) refers to stm32f4xx_i2c.o(i.I2C_CheckEvent) for I2C_CheckEvent
    sccb.o(i.SCCB_Write) refers to stm32f4xx_i2c.o(i.I2C_Send7bitAddress) for I2C_Send7bitAddress
    sccb.o(i.SCCB_Write) refers to stm32f4xx_i2c.o(i.I2C_SendData) for I2C_SendData
    sccb.o(i.SCCB_Write) refers to stm32f4xx_i2c.o(i.I2C_GenerateSTOP) for I2C_GenerateSTOP
    sccb.o(i.SCCB_Write) refers to sccb.o(.data) for .data
    system_stm32f4xx.o(i.SystemCoreClockUpdate) refers to system_stm32f4xx.o(.data) for .data
    main.o(i.ConfigureLED) refers to stm32f4xx_rcc.o(i.RCC_AHB1PeriphClockCmd) for RCC_AHB1PeriphClockCmd
    main.o(i.ConfigureLED) refers to stm32f4xx_gpio.o(i.GPIO_Init) for GPIO_Init
    main.o(i.ConfigureLED) refers to main.o(.data) for .data
    main.o(i.DCMI_Config) refers to stm32f4xx_rcc.o(i.RCC_AHB1PeriphClockCmd) for RCC_AHB1PeriphClockCmd
    main.o(i.DCMI_Config) refers to stm32f4xx_rcc.o(i.RCC_AHB2PeriphClockCmd) for RCC_AHB2PeriphClockCmd
    main.o(i.DCMI_Config) refers to stm32f4xx_gpio.o(i.GPIO_PinAFConfig) for GPIO_PinAFConfig
    main.o(i.DCMI_Config) refers to stm32f4xx_gpio.o(i.GPIO_Init) for GPIO_Init
    main.o(i.DCMI_Config) refers to stm32f4xx_dcmi.o(i.DCMI_Init) for DCMI_Init
    main.o(i.DCMI_Config) refers to stm32f4xx_dcmi.o(i.DCMI_JPEGCmd) for DCMI_JPEGCmd
    main.o(i.DCMI_Config) refers to misc.o(i.NVIC_PriorityGroupConfig) for NVIC_PriorityGroupConfig
    main.o(i.DCMI_Config) refers to misc.o(i.NVIC_Init) for NVIC_Init
    main.o(i.DCMI_Config) refers to stm32f4xx_dcmi.o(i.DCMI_ITConfig) for DCMI_ITConfig
    main.o(i.Delayms) refers to stm32f4xx_it.o(.data) for d_m
    main.o(i.LEDSet) refers to stm32f4xx_gpio.o(i.GPIO_SetBits) for GPIO_SetBits
    main.o(i.MCO1_Init) refers to stm32f4xx_rcc.o(i.RCC_ClockSecuritySystemCmd) for RCC_ClockSecuritySystemCmd
    main.o(i.MCO1_Init) refers to stm32f4xx_rcc.o(i.RCC_AHB1PeriphClockCmd) for RCC_AHB1PeriphClockCmd
    main.o(i.MCO1_Init) refers to stm32f4xx_gpio.o(i.GPIO_PinAFConfig) for GPIO_PinAFConfig
    main.o(i.MCO1_Init) refers to stm32f4xx_gpio.o(i.GPIO_Init) for GPIO_Init
    main.o(i.MCO1_Init) refers to stm32f4xx_rcc.o(i.RCC_MCO1Config) for RCC_MCO1Config
    main.o(i.OV2460_IOConfigure) refers to stm32f4xx_rcc.o(i.RCC_AHB1PeriphClockCmd) for RCC_AHB1PeriphClockCmd
    main.o(i.OV2460_IOConfigure) refers to stm32f4xx_gpio.o(i.GPIO_Init) for GPIO_Init
    main.o(i.OV2460_IOConfigure) refers to stm32f4xx_gpio.o(i.GPIO_SetBits) for GPIO_SetBits
    main.o(i.OV2460_IOConfigure) refers to stm32f4xx_gpio.o(i.GPIO_ResetBits) for GPIO_ResetBits
[...]
    stm32f4xx_gpio.o(i.GPIO_DeInit) refers to stm32f4xx_rcc.o(i.RCC_AHB1PeriphResetCmd) for RCC_AHB1PeriphResetCmd
    stm32f4xx_syscfg.o(i.SYSCFG_DeInit) refers to stm32f4xx_rcc.o(i.RCC_APB2PeriphResetCmd) for RCC_APB2PeriphResetCmd
    stm32f4xx_usart.o(i.USART_DeInit) refers to stm32f4xx_rcc.o(i.RCC_APB2PeriphResetCmd) for RCC_APB2PeriphResetCmd
    stm32f4xx_usart.o(i.USART_DeInit) refers to stm32f4xx_rcc.o(i.RCC_APB1PeriphResetCmd) for RCC_APB1PeriphResetCmd
    stm32f4xx_usart.o(i.USART_Init) refers to stm32f4xx_rcc.o(i.RCC_GetClocksFreq) for RCC_GetClocksFreq
    stm32f4xx_i2c.o(i.I2C_DeInit) refers to stm32f4xx_rcc.o(i.RCC_APB1PeriphResetCmd) for RCC_APB1PeriphResetCmd
    stm32f4xx_i2c.o(i.I2C_Init) refers to stm32f4xx_rcc.o(i.RCC_GetClocksFreq) for RCC_GetClocksFreq
    stm32f4xx_tim.o(i.TIM_DeInit) refers to stm32f4xx_rcc.o(i.RCC_APB2PeriphResetCmd) for RCC_APB2PeriphResetCmd
    stm32f4xx_tim.o(i.TIM_DeInit) refers to stm32f4xx_rcc.o(i.RCC_APB1PeriphResetCmd) for RCC_APB1PeriphResetCmd
    stm32f4xx_sdio.o(i.SDIO_DeInit) refers to stm32f4xx_rcc.o(i.RCC_APB2PeriphResetCmd) for RCC_APB2PeriphResetCmd
    startup_stm32f4xx.o(RESET) refers to startup_stm32f4xx.o(STACK) for __initial_sp
    startup_stm32f4xx.o(RESET) refers to startup_stm32f4xx.o(.text) for Reset_Handler
    startup_stm32f4xx.o(RESET) refers to stm32f4xx_it.o(i.NMI_Handler) for NMI_Handler
    startup_stm32f4xx.o(RESET) refers to stm32f4xx_it.o(i.HardFault_Handler) for HardFault_Handler
    startup_stm32f4xx.o(RESET) refers to stm32f4xx_it.o(i.MemManage_Handler) for MemManage_Handler
    startup_stm32f4xx.o(RESET) refers to stm32f4xx_it.o(i.BusFault_Handler) for BusFault_Handler
    startup_stm32f4xx.o(RESET) refers to stm32f4xx_it.o(i.UsageFault_Handler) for UsageFault_Handler
    startup_stm32f4xx.o(RESET) refers to stm32f4xx_it.o(i.SVC_Handler) for SVC_Handler
    startup_stm32f4xx.o(RESET) refers to stm32f4xx_it.o(i.DebugMon_Handler) for DebugMon_Handler
    startup_stm32f4xx.o(RESET) refers to stm32f4xx_it.o(i.PendSV_Handler) for PendSV_Handler
    startup_stm32f4xx.o(RESET) refers to stm32f4xx_it.o(i.SysTick_Handler) for SysTick_Handler
    startup_stm32f4xx.o(RESET) refers to stm32f4xx_it.o(i.SDIO_IRQHandler) for SDIO_IRQHandler
    startup_stm32f4xx.o(RESET) refers to stm32f4xx_it.o(i.DMA2_Stream3_IRQHandler) for DMA2_Stream3_IRQHandler
    startup_stm32f4xx.o(RESET) refers to stm32f4xx_it.o(i.DCMI_IRQHandler) for DCMI_IRQHandler
    startup_stm32f4xx.o(.text) refers to system_stm32f4xx.o(i.SystemInit) for SystemInit
    startup_stm32f4xx.o(.text) refers to entry.o(.ARM.Collect$$$$00000000) for __main
    entry.o(.ARM.Collect$$$$00000000) refers (Special) to entry10a.o(.ARM.Collect$$$$0000000D) for __rt_final_cpp
    entry.o(.ARM.Collect$$$$00000000) refers (Special) to entry11a.o(.ARM.Collect$$$$0000000F) for __rt_final_exit
    entry.o(.ARM.Collect$$$$00000000) refers (Special) to entry7b.o(.ARM.Collect$$$$00000008) for _main_clock
    entry.o(.ARM.Collect$$$$00000000) refers (Special) to entry8b.o(.ARM.Collect$$$$0000000A) for _main_cpp_init
    entry.o(.ARM.Collect$$$$00000000) refers (Special) to entry9a.o(.ARM.Collect$$$$0000000B) for _main_init
    entry.o(.ARM.Collect$$$$00000000) refers (Special) to entry5.o(.ARM.Collect$$$$00000004) for _main_scatterload
    entry.o(.ARM.Collect$$$$00000000) refers (Special) to entry2.o(.ARM.Collect$$$$00000001) for _main_stk
    entry2.o(.ARM.Collect$$$$00000001) refers to entry2.o(.ARM.Collect$$$$00002712) for __lit__00000000
    entry2.o(.ARM.Collect$$$$00002712) refers to startup_stm32f4xx.o(STACK) for __initial_sp
    entry2.o(__vectab_stack_and_reset_area) refers to startup_stm32f4xx.o(STACK) for __initial_sp
    entry2.o(__vectab_stack_and_reset_area) refers to entry.o(.ARM.Collect$$$$00000000) for __main
    entry5.o(.ARM.Collect$$$$00000004) refers to init.o(.text) for __scatterload
    entry9a.o(.ARM.Collect$$$$0000000B) refers to main.o(i.main) for main
    entry9b.o(.ARM.Collect$$$$0000000C) refers to main.o(i.main) for main
    init.o(.text) refers to entry5.o(.ARM.Collect$$$$00000004) for __main_after_scatterload


==============================================================================

Removing Unused input sections from the image.

    Removing sccb.o(.emb_text), (8 bytes).
    Removing system_stm32f4xx.o(.emb_text), (8 bytes).
    Removing system_stm32f4xx.o(i.SystemCoreClockUpdate), (132 bytes).
    Removing main.o(.emb_text), (8 bytes).
    Removing main.o(i.ConfigureLED), (52 bytes).
    Removing main.o(i.LEDSet), (20 bytes).
    Removing main.o(i.MCO1_Init), (80 bytes).
    Removing main.o(i.OV2640_ClickInit), (48 bytes).
    Removing main.o(i.PWMConfig), (144 bytes).
    Removing main.o(i.USART_Config), (116 bytes).
    Removing main.o(i.USART_Transmit), (36 bytes).
    Removing main.o(i.extclk_config), (2 bytes).
    Removing stm32f4xx_it.o(.emb_text), (8 bytes).
    Removing ov2640.o(.emb_text), (8 bytes).
    Removing ov2640.o(i.systick_sleep), (4 bytes).
    Removing ov2640.o(.constdata), (14 bytes).
    Removing ov2640.o(.constdata), (14 bytes).
    Removing ov2640.o(.constdata), (36 bytes).
    Removing ov2640.o(.constdata), (36 bytes).
    Removing ov2640.o(.data), (2 bytes).
    Removing ff.o(i.clust2sect), (24 bytes).
    Removing ff.o(i.f_chmod), (92 bytes).
    Removing ff.o(i.f_getfree), (218 bytes).
    Removing ff.o(i.f_lseek), (398 bytes).
    Removing ff.o(i.f_mkdir), (504 bytes).
    Removing ff.o(i.f_read), (408 bytes).
    Removing ff.o(i.f_readdir), (274 bytes).
    Removing ff.o(i.f_rename), (416 bytes).
    Removing ff.o(i.f_stat), (176 bytes).
    Removing ff.o(i.f_truncate), (176 bytes).
    Removing ff.o(i.f_unlink), (278 bytes).
    Removing ff.o(i.f_utime), (92 bytes).
    Removing diskio.o(.emb_text), (8 bytes).
    Removing stm32f4_discovery_sdio_sd.o(.emb_text), (8 bytes).
    Removing stm32f4_discovery_sdio_sd.o(i.IsCardProgramming), (440 bytes).
    Removing stm32f4_discovery_sdio_sd.o(i.SD_DeInit), (4 bytes).
    Removing stm32f4_discovery_sdio_sd.o(i.SD_Erase), (308 bytes).
    Removing stm32f4_discovery_sdio_sd.o(i.SD_GetCardStatus), (132 bytes).
    Removing stm32f4_discovery_sdio_sd.o(i.SD_GetState), (80 bytes).
    Removing stm32f4_discovery_sdio_sd.o(i.SD_GetTransferState), (20 bytes).
    Removing stm32f4_discovery_sdio_sd.o(i.SD_PowerOFF), (14 bytes).
    Removing stm32f4_discovery_sdio_sd.o(i.SD_ReadMultiBlocks), (204 bytes).
    Removing stm32f4_discovery_sdio_sd.o(i.SD_SelectDeselect), (44 bytes).
    Removing stm32f4_discovery_sdio_sd.o(i.SD_SendSDStatus), (372 bytes).
    Removing stm32f4_discovery_sdio_sd.o(i.SD_SendStatus), (80 bytes).
    Removing stm32f4_discovery_sdio_sd.o(i.SD_StopTransfer), (40 bytes).
    Removing stm32f4_discovery_sdio_sd.o(i.SD_WriteBlock), (188 bytes).
    Removing stm32f4_discovery_sdio_sd.o(i.SD_WriteMultiBlocks), (284 bytes).
    Removing stm32f4_discovery_sdio_sd.o(i.convert_from_bytes_to_power_of_two), (20 bytes).
    Removing stm32f4_discovery.o(.emb_text), (8 bytes).
    Removing stm32f4_discovery.o(i.SD_LowLevel_DeInit), (156 bytes).
    Removing stm32f4_discovery.o(i.STM_EVAL_LEDInit), (76 bytes).
    Removing stm32f4_discovery.o(i.STM_EVAL_LEDOff), (24 bytes).
    Removing stm32f4_discovery.o(i.STM_EVAL_LEDOn), (24 bytes).
    Removing stm32f4_discovery.o(i.STM_EVAL_LEDToggle), (28 bytes).
    Removing stm32f4_discovery.o(i.STM_EVAL_PBGetState), (24 bytes).
    Removing stm32f4_discovery.o(i.STM_EVAL_PBInit), (164 bytes).
    Removing stm32f4_discovery.o(.constdata), (36 bytes).
    Removing stm32f4_discovery.o(.data), (20 bytes).
    Removing stm32f4_discovery.o(.data), (4 bytes).
    Removing stm32f4xx_rcc.o(.emb_text), (8 bytes).
    Removing stm32f4xx_rcc.o(i.RCC_AHB1PeriphClockLPModeCmd), (24 bytes).
    Removing stm32f4xx_rcc.o(i.RCC_AHB1PeriphResetCmd), (24 bytes).
    Removing stm32f4xx_rcc.o(i.RCC_AHB2PeriphClockLPModeCmd), (24 bytes).
    Removing stm32f4xx_rcc.o(i.RCC_AHB2PeriphResetCmd), (24 bytes).
    Removing stm32f4xx_rcc.o(i.RCC_AHB3PeriphClockCmd), (24 bytes).
    Removing stm32f4xx_rcc.o(i.RCC_AHB3PeriphClockLPModeCmd), (24 bytes).
    Removing stm32f4xx_rcc.o(i.RCC_AHB3PeriphResetCmd), (24 bytes).
    Removing stm32f4xx_rcc.o(i.RCC_APB1PeriphClockLPModeCmd), (24 bytes).
    Removing stm32f4xx_rcc.o(i.RCC_APB2PeriphClockLPModeCmd), (24 bytes).
    Removing stm32f4xx_rcc.o(i.RCC_AdjustHSICalibrationValue), (20 bytes).
    Removing stm32f4xx_rcc.o(i.RCC_BackupResetCmd), (12 bytes).
    Removing stm32f4xx_rcc.o(i.RCC_ClearFlag), (16 bytes).
    Removing stm32f4xx_rcc.o(i.RCC_ClearITPendingBit), (12 bytes).
    Removing stm32f4xx_rcc.o(i.RCC_ClockSecuritySystemCmd), (12 bytes).
    Removing stm32f4xx_rcc.o(i.RCC_DeInit), (64 bytes).
    Removing stm32f4xx_rcc.o(i.RCC_GetFlagStatus), (56 bytes).
    Removing stm32f4xx_rcc.o(i.RCC_GetITStatus), (20 bytes).
    Removing stm32f4xx_rcc.o(i.RCC_GetSYSCLKSource), (16 bytes).
    Removing stm32f4xx_rcc.o(i.RCC_HCLKConfig), (20 bytes).
    Removing stm32f4xx_rcc.o(i.RCC_HSEConfig), (16 bytes).
    Removing stm32f4xx_rcc.o(i.RCC_HSICmd), (12 bytes).
    Removing stm32f4xx_rcc.o(i.RCC_I2SCLKConfig), (12 bytes).
    Removing stm32f4xx_rcc.o(i.RCC_ITConfig), (24 bytes).
    Removing stm32f4xx_rcc.o(i.RCC_LSEConfig), (28 bytes).
    Removing stm32f4xx_rcc.o(i.RCC_LSICmd), (12 bytes).
    Removing stm32f4xx_rcc.o(i.RCC_MCO1Config), (20 bytes).
    Removing stm32f4xx_rcc.o(i.RCC_MCO2Config), (20 bytes).
    Removing stm32f4xx_rcc.o(i.RCC_PCLK1Config), (20 bytes).
    Removing stm32f4xx_rcc.o(i.RCC_PCLK2Config), (20 bytes).
    Removing stm32f4xx_rcc.o(i.RCC_PLLCmd), (12 bytes).
    Removing stm32f4xx_rcc.o(i.RCC_PLLConfig), (40 bytes).
    Removing stm32f4xx_rcc.o(i.RCC_PLLI2SCmd), (12 bytes).
    Removing stm32f4xx_rcc.o(i.RCC_PLLI2SConfig), (16 bytes).
    Removing stm32f4xx_rcc.o(i.RCC_RTCCLKCmd), (12 bytes).
    Removing stm32f4xx_rcc.o(i.RCC_RTCCLKConfig), (52 bytes).
    Removing stm32f4xx_rcc.o(i.RCC_SYSCLKConfig), (20 bytes).
    Removing stm32f4xx_rcc.o(i.RCC_WaitForHSEStartUp), (56 bytes).
    Removing misc.o(.emb_text), (8 bytes).
    Removing misc.o(i.NVIC_SetVectorTable), (20 bytes).
    Removing misc.o(i.NVIC_SystemLPConfig), (24 bytes).
    Removing misc.o(i.SysTick_CLKSourceConfig), (22 bytes).
    Removing stm32f4xx_gpio.o(.emb_text), (8 bytes).
    Removing stm32f4xx_gpio.o(i.GPIO_DeInit), (276 bytes).
    Removing stm32f4xx_gpio.o(i.GPIO_PinLockConfig), (26 bytes).
    Removing stm32f4xx_gpio.o(i.GPIO_ReadInputData), (6 bytes).
    Removing stm32f4xx_gpio.o(i.GPIO_ReadOutputData), (6 bytes).
    Removing stm32f4xx_gpio.o(i.GPIO_ReadOutputDataBit), (14 bytes).
    Removing stm32f4xx_gpio.o(i.GPIO_StructInit), (18 bytes).
    Removing stm32f4xx_gpio.o(i.GPIO_ToggleBits), (8 bytes).
    Removing stm32f4xx_gpio.o(i.GPIO_Write), (4 bytes).
    Removing stm32f4xx_gpio.o(i.GPIO_WriteBit), (10 bytes).
    Removing stm32f4xx_exti.o(.emb_text), (8 bytes).
    Removing stm32f4xx_exti.o(i.EXTI_ClearFlag), (12 bytes).
    Removing stm32f4xx_exti.o(i.EXTI_ClearITPendingBit), (12 bytes).
    Removing stm32f4xx_exti.o(i.EXTI_DeInit), (40 bytes).
    Removing stm32f4xx_exti.o(i.EXTI_GenerateSWInterrupt), (16 bytes).
    Removing stm32f4xx_exti.o(i.EXTI_GetFlagStatus), (20 bytes).
    Removing stm32f4xx_exti.o(i.EXTI_GetITStatus), (32 bytes).
    Removing stm32f4xx_exti.o(i.EXTI_Init), (144 bytes).
    Removing stm32f4xx_exti.o(i.EXTI_StructInit), (14 bytes).
    Removing stm32f4xx_syscfg.o(.emb_text), (8 bytes).
    Removing stm32f4xx_syscfg.o(i.SYSCFG_CompensationCellCmd), (12 bytes).
    Removing stm32f4xx_syscfg.o(i.SYSCFG_DeInit), (24 bytes).
    Removing stm32f4xx_syscfg.o(i.SYSCFG_ETH_MediaInterfaceConfig), (12 bytes).
    Removing stm32f4xx_syscfg.o(i.SYSCFG_EXTILineConfig), (40 bytes).
    Removing stm32f4xx_syscfg.o(i.SYSCFG_GetCompensationCellStatus), (20 bytes).
    Removing stm32f4xx_syscfg.o(i.SYSCFG_MemoryRemapConfig), (12 bytes).
    Removing stm32f4xx_dcmi.o(.emb_text), (8 bytes).
    Removing stm32f4xx_dcmi.o(i.DCMI_CROPCmd), (24 bytes).
    Removing stm32f4xx_dcmi.o(i.DCMI_CROPConfig), (24 bytes).
    Removing stm32f4xx_dcmi.o(i.DCMI_ClearFlag), (12 bytes).
    Removing stm32f4xx_dcmi.o(i.DCMI_DeInit), (28 bytes).
    Removing stm32f4xx_dcmi.o(i.DCMI_GetFlagStatus), (36 bytes).
    Removing stm32f4xx_dcmi.o(i.DCMI_ReadData), (12 bytes).
    Removing stm32f4xx_dcmi.o(i.DCMI_SetEmbeddedSynchroCodes), (20 bytes).
    Removing stm32f4xx_dcmi.o(i.DCMI_StructInit), (18 bytes).
    Removing stm32f4xx_usart.o(.emb_text), (8 bytes).
    Removing stm32f4xx_usart.o(i.USART_ClearFlag), (6 bytes).
    Removing stm32f4xx_usart.o(i.USART_ClearITPendingBit), (14 bytes).
    Removing stm32f4xx_usart.o(i.USART_ClockInit), (34 bytes).
    Removing stm32f4xx_usart.o(i.USART_ClockStructInit), (12 bytes).
    Removing stm32f4xx_usart.o(i.USART_DMACmd), (16 bytes).
    Removing stm32f4xx_usart.o(i.USART_DeInit), (192 bytes).
    Removing stm32f4xx_usart.o(i.USART_GetFlagStatus), (14 bytes).
    Removing stm32f4xx_usart.o(i.USART_GetITStatus), (76 bytes).
    Removing stm32f4xx_usart.o(i.USART_HalfDuplexCmd), (18 bytes).
    Removing stm32f4xx_usart.o(i.USART_ITConfig), (48 bytes).
    Removing stm32f4xx_usart.o(i.USART_IrDACmd), (18 bytes).
    Removing stm32f4xx_usart.o(i.USART_IrDAConfig), (16 bytes).
    Removing stm32f4xx_usart.o(i.USART_LINBreakDetectLengthConfig), (16 bytes).
    Removing stm32f4xx_usart.o(i.USART_LINCmd), (18 bytes).
    Removing stm32f4xx_usart.o(i.USART_OneBitMethodCmd), (18 bytes).
    Removing stm32f4xx_usart.o(i.USART_OverSampling8Cmd), (18 bytes).
    Removing stm32f4xx_usart.o(i.USART_ReceiveData), (8 bytes).
    Removing stm32f4xx_usart.o(i.USART_ReceiverWakeUpCmd), (18 bytes).
    Removing stm32f4xx_usart.o(i.USART_SendBreak), (10 bytes).
    Removing stm32f4xx_usart.o(i.USART_SendData), (8 bytes).
    Removing stm32f4xx_usart.o(i.USART_SetAddress), (16 bytes).
    Removing stm32f4xx_usart.o(i.USART_SetGuardTime), (16 bytes).
    Removing stm32f4xx_usart.o(i.USART_SetPrescaler), (16 bytes).
    Removing stm32f4xx_usart.o(i.USART_SmartCardCmd), (18 bytes).
    Removing stm32f4xx_usart.o(i.USART_SmartCardNACKCmd), (18 bytes).
    Removing stm32f4xx_usart.o(i.USART_StructInit), (22 bytes).
    Removing stm32f4xx_usart.o(i.USART_WakeUpConfig), (16 bytes).
    Removing stm32f4xx_i2c.o(.emb_text), (8 bytes).
    Removing stm32f4xx_i2c.o(i.I2C_ARPCmd), (18 bytes).
    Removing stm32f4xx_i2c.o(i.I2C_CalculatePEC), (18 bytes).
    Removing stm32f4xx_i2c.o(i.I2C_ClearFlag), (6 bytes).
    Removing stm32f4xx_i2c.o(i.I2C_ClearITPendingBit), (6 bytes).
    Removing stm32f4xx_i2c.o(i.I2C_DMACmd), (18 bytes).
    Removing stm32f4xx_i2c.o(i.I2C_DMALastTransferCmd), (18 bytes).
    Removing stm32f4xx_i2c.o(i.I2C_DualAddressCmd), (18 bytes).
    Removing stm32f4xx_i2c.o(i.I2C_FastModeDutyCycleConfig), (20 bytes).
    Removing stm32f4xx_i2c.o(i.I2C_GeneralCallCmd), (18 bytes).
    Removing stm32f4xx_i2c.o(i.I2C_GetFlagStatus), (42 bytes).
    Removing stm32f4xx_i2c.o(i.I2C_GetITStatus), (34 bytes).
    Removing stm32f4xx_i2c.o(i.I2C_GetLastEvent), (14 bytes).
    Removing stm32f4xx_i2c.o(i.I2C_GetPEC), (6 bytes).
    Removing stm32f4xx_i2c.o(i.I2C_ITConfig), (16 bytes).
    Removing stm32f4xx_i2c.o(i.I2C_NACKPositionConfig), (20 bytes).
    Removing stm32f4xx_i2c.o(i.I2C_OwnAddress2Config), (16 bytes).
    Removing stm32f4xx_i2c.o(i.I2C_PECPositionConfig), (20 bytes).
    Removing stm32f4xx_i2c.o(i.I2C_ReadRegister), (12 bytes).
    Removing stm32f4xx_i2c.o(i.I2C_SMBusAlertConfig), (20 bytes).
    Removing stm32f4xx_i2c.o(i.I2C_SoftwareResetCmd), (18 bytes).
    Removing stm32f4xx_i2c.o(i.I2C_StretchClockCmd), (18 bytes).
    Removing stm32f4xx_i2c.o(i.I2C_StructInit), (28 bytes).
    Removing stm32f4xx_i2c.o(i.I2C_TransmitPEC), (18 bytes).
    Removing stm32f4xx_dma.o(.emb_text), (8 bytes).
    Removing stm32f4xx_dma.o(i.DMA_ClearITPendingBit), (44 bytes).
    Removing stm32f4xx_dma.o(i.DMA_DoubleBufferModeCmd), (18 bytes).
    Removing stm32f4xx_dma.o(i.DMA_DoubleBufferModeConfig), (20 bytes).
    Removing stm32f4xx_dma.o(i.DMA_GetCmdStatus), (16 bytes).
    Removing stm32f4xx_dma.o(i.DMA_GetCurrDataCounter), (6 bytes).
    Removing stm32f4xx_dma.o(i.DMA_GetCurrentMemoryTarget), (16 bytes).
    Removing stm32f4xx_dma.o(i.DMA_GetFIFOStatus), (8 bytes).
    Removing stm32f4xx_dma.o(i.DMA_GetFlagStatus), (52 bytes).
    Removing stm32f4xx_dma.o(i.DMA_GetITStatus), (96 bytes).
    Removing stm32f4xx_dma.o(i.DMA_MemoryTargetConfig), (10 bytes).
    Removing stm32f4xx_dma.o(i.DMA_PeriphIncOffsetSizeConfig), (18 bytes).
    Removing stm32f4xx_dma.o(i.DMA_SetCurrDataCounter), (4 bytes).
    Removing stm32f4xx_dma.o(i.DMA_StructInit), (34 bytes).
    Removing stm32f4xx_tim.o(.emb_text), (8 bytes).
    Removing stm32f4xx_tim.o(i.TIM_ARRPreloadConfig), (18 bytes).
    Removing stm32f4xx_tim.o(i.TIM_BDTRConfig), (36 bytes).
    Removing stm32f4xx_tim.o(i.TIM_BDTRStructInit), (18 bytes).
    Removing stm32f4xx_tim.o(i.TIM_CCPreloadControl), (18 bytes).
    Removing stm32f4xx_tim.o(i.TIM_CCxCmd), (26 bytes).
    Removing stm32f4xx_tim.o(i.TIM_CCxNCmd), (26 bytes).
    Removing stm32f4xx_tim.o(i.TIM_ClearFlag), (6 bytes).
    Removing stm32f4xx_tim.o(i.TIM_ClearITPendingBit), (6 bytes).
    Removing stm32f4xx_tim.o(i.TIM_ClearOC1Ref), (12 bytes).
    Removing stm32f4xx_tim.o(i.TIM_ClearOC2Ref), (20 bytes).
    Removing stm32f4xx_tim.o(i.TIM_ClearOC3Ref), (12 bytes).
    Removing stm32f4xx_tim.o(i.TIM_ClearOC4Ref), (20 bytes).
    Removing stm32f4xx_tim.o(i.TIM_CounterModeConfig), (12 bytes).
    Removing stm32f4xx_tim.o(i.TIM_CtrlPWMOutputs), (22 bytes).
    Removing stm32f4xx_tim.o(i.TIM_DMACmd), (16 bytes).
    Removing stm32f4xx_tim.o(i.TIM_DMAConfig), (8 bytes).
    Removing stm32f4xx_tim.o(i.TIM_DeInit), (428 bytes).
    Removing stm32f4xx_tim.o(i.TIM_ETRClockMode1Config), (40 bytes).
    Removing stm32f4xx_tim.o(i.TIM_ETRClockMode2Config), (40 bytes).
    Removing stm32f4xx_tim.o(i.TIM_ETRConfig), (32 bytes).
    Removing stm32f4xx_tim.o(i.TIM_EncoderInterfaceConfig), (60 bytes).
    Removing stm32f4xx_tim.o(i.TIM_ForcedOC1Config), (12 bytes).
    Removing stm32f4xx_tim.o(i.TIM_ForcedOC2Config), (20 bytes).
    Removing stm32f4xx_tim.o(i.TIM_ForcedOC3Config), (12 bytes).
    Removing stm32f4xx_tim.o(i.TIM_ForcedOC4Config), (20 bytes).
    Removing stm32f4xx_tim.o(i.TIM_GenerateEvent), (4 bytes).
    Removing stm32f4xx_tim.o(i.TIM_GetCapture1), (4 bytes).
    Removing stm32f4xx_tim.o(i.TIM_GetCapture2), (4 bytes).
    Removing stm32f4xx_tim.o(i.TIM_GetCapture3), (4 bytes).
    Removing stm32f4xx_tim.o(i.TIM_GetCapture4), (4 bytes).
    Removing stm32f4xx_tim.o(i.TIM_GetCounter), (4 bytes).
    Removing stm32f4xx_tim.o(i.TIM_GetFlagStatus), (14 bytes).
    Removing stm32f4xx_tim.o(i.TIM_GetITStatus), (22 bytes).
    Removing stm32f4xx_tim.o(i.TIM_GetPrescaler), (4 bytes).
    Removing stm32f4xx_tim.o(i.TIM_ICInit), (294 bytes).
    Removing stm32f4xx_tim.o(i.TIM_ICStructInit), (16 bytes).
    Removing stm32f4xx_tim.o(i.TIM_ITConfig), (16 bytes).
    Removing stm32f4xx_tim.o(i.TIM_ITRxExternalClockConfig), (20 bytes).
    Removing stm32f4xx_tim.o(i.TIM_InternalClockConfig), (10 bytes).
    Removing stm32f4xx_tim.o(i.TIM_OC1FastConfig), (12 bytes).
    Removing stm32f4xx_tim.o(i.TIM_OC1Init), (104 bytes).
    Removing stm32f4xx_tim.o(i.TIM_OC1NPolarityConfig), (12 bytes).
    Removing stm32f4xx_tim.o(i.TIM_OC1PolarityConfig), (12 bytes).
    Removing stm32f4xx_tim.o(i.TIM_OC1PreloadConfig), (12 bytes).
    Removing stm32f4xx_tim.o(i.TIM_OC2FastConfig), (20 bytes).
    Removing stm32f4xx_tim.o(i.TIM_OC2NPolarityConfig), (20 bytes).
    Removing stm32f4xx_tim.o(i.TIM_OC2PolarityConfig), (20 bytes).
    Removing stm32f4xx_tim.o(i.TIM_OC3FastConfig), (12 bytes).
    Removing stm32f4xx_tim.o(i.TIM_OC3Init), (140 bytes).
    Removing stm32f4xx_tim.o(i.TIM_OC3NPolarityConfig), (20 bytes).
    Removing stm32f4xx_tim.o(i.TIM_OC3PolarityConfig), (20 bytes).
    Removing stm32f4xx_tim.o(i.TIM_OC3PreloadConfig), (12 bytes).
    Removing stm32f4xx_tim.o(i.TIM_OC4FastConfig), (20 bytes).
    Removing stm32f4xx_tim.o(i.TIM_OC4Init), (102 bytes).
    Removing stm32f4xx_tim.o(i.TIM_OC4PolarityConfig), (20 bytes).
    Removing stm32f4xx_tim.o(i.TIM_OC4PreloadConfig), (20 bytes).
    Removing stm32f4xx_tim.o(i.TIM_OCStructInit), (20 bytes).
    Removing stm32f4xx_tim.o(i.TIM_PWMIConfig), (300 bytes).
    Removing stm32f4xx_tim.o(i.TIM_PrescalerConfig), (6 bytes).
    Removing stm32f4xx_tim.o(i.TIM_RemapConfig), (6 bytes).
    Removing stm32f4xx_tim.o(i.TIM_SelectCCDMA), (18 bytes).
    Removing stm32f4xx_tim.o(i.TIM_SelectCOM), (18 bytes).
    Removing stm32f4xx_tim.o(i.TIM_SelectHallSensor), (18 bytes).
    Removing stm32f4xx_tim.o(i.TIM_SelectInputTrigger), (12 bytes).
    Removing stm32f4xx_tim.o(i.TIM_SelectMasterSlaveMode), (16 bytes).
    Removing stm32f4xx_tim.o(i.TIM_SelectOCxM), (92 bytes).
    Removing stm32f4xx_tim.o(i.TIM_SelectOnePulseMode), (16 bytes).
    Removing stm32f4xx_tim.o(i.TIM_SelectOutputTrigger), (16 bytes).
    Removing stm32f4xx_tim.o(i.TIM_SelectSlaveMode), (16 bytes).
    Removing stm32f4xx_tim.o(i.TIM_SetAutoreload), (4 bytes).
    Removing stm32f4xx_tim.o(i.TIM_SetClockDivision), (16 bytes).
    Removing stm32f4xx_tim.o(i.TIM_SetCompare1), (4 bytes).
    Removing stm32f4xx_tim.o(i.TIM_SetCompare2), (4 bytes).
    Removing stm32f4xx_tim.o(i.TIM_SetCompare3), (4 bytes).
    Removing stm32f4xx_tim.o(i.TIM_SetCompare4), (4 bytes).
    Removing stm32f4xx_tim.o(i.TIM_SetCounter), (4 bytes).
    Removing stm32f4xx_tim.o(i.TIM_SetIC1Prescaler), (16 bytes).
    Removing stm32f4xx_tim.o(i.TIM_SetIC2Prescaler), (24 bytes).
    Removing stm32f4xx_tim.o(i.TIM_SetIC3Prescaler), (16 bytes).
    Removing stm32f4xx_tim.o(i.TIM_SetIC4Prescaler), (24 bytes).
    Removing stm32f4xx_tim.o(i.TIM_TIxExternalClockConfig), (120 bytes).
    Removing stm32f4xx_tim.o(i.TIM_TimeBaseStructInit), (18 bytes).
    Removing stm32f4xx_tim.o(i.TIM_UpdateDisableConfig), (18 bytes).
    Removing stm32f4xx_tim.o(i.TIM_UpdateRequestConfig), (18 bytes).
    Removing stm32f4xx_sdio.o(.emb_text), (8 bytes).
    Removing stm32f4xx_sdio.o(i.SDIO_CEATAITCmd), (16 bytes).
    Removing stm32f4xx_sdio.o(i.SDIO_CmdStructInit), (14 bytes).
    Removing stm32f4xx_sdio.o(i.SDIO_CommandCompletionCmd), (12 bytes).
    Removing stm32f4xx_sdio.o(i.SDIO_DataStructInit), (20 bytes).
    Removing stm32f4xx_sdio.o(i.SDIO_GetDataCounter), (12 bytes).
    Removing stm32f4xx_sdio.o(i.SDIO_GetFIFOCount), (12 bytes).
    Removing stm32f4xx_sdio.o(i.SDIO_SendCEATACmd), (12 bytes).
    Removing stm32f4xx_sdio.o(i.SDIO_SendSDIOSuspendCmd), (12 bytes).
    Removing stm32f4xx_sdio.o(i.SDIO_SetSDIOOperation), (12 bytes).
    Removing stm32f4xx_sdio.o(i.SDIO_SetSDIOReadWaitMode), (12 bytes).
    Removing stm32f4xx_sdio.o(i.SDIO_StartSDIOReadWait), (12 bytes).
    Removing stm32f4xx_sdio.o(i.SDIO_StopSDIOReadWait), (12 bytes).
    Removing stm32f4xx_sdio.o(i.SDIO_StructInit), (16 bytes).
    Removing stm32f4xx_sdio.o(i.SDIO_WriteData), (12 bytes).
    Removing startup_stm32f4xx.o(HEAP), (512 bytes).

304 unused section(s) (total 13564 bytes) removed from the image.

==============================================================================

Image Symbol Table

    Local Symbols

    Symbol Name                              Value     Ov Type        Size  Object(Section)

    ../clib/microlib/init/entry.s            0x00000000   Number         0  entry9b.o ABSOLUTE
    ../clib/microlib/init/entry.s            0x00000000   Number         0  entry8b.o ABSOLUTE
    ../clib/microlib/init/entry.s            0x00000000   Number         0  entry2.o ABSOLUTE
    ../clib/microlib/init/entry.s            0x00000000   Number         0  entry9a.o ABSOLUTE
    ../clib/microlib/init/entry.s            0x00000000   Number         0  entry11b.o ABSOLUTE
    ../clib/microlib/init/entry.s            0x00000000   Number         0  entry.o ABSOLUTE
    ../clib/microlib/init/entry.s            0x00000000   Number         0  entry11a.o ABSOLUTE
    ../clib/microlib/init/entry.s            0x00000000   Number         0  entry5.o ABSOLUTE
    ../clib/microlib/init/entry.s            0x00000000   Number         0  entry7b.o ABSOLUTE
    ../clib/microlib/init/entry.s            0x00000000   Number         0  entry8a.o ABSOLUTE
    ../clib/microlib/init/entry.s            0x00000000   Number         0  entry7a.o ABSOLUTE
    ../clib/microlib/init/entry.s            0x00000000   Number         0  entry10b.o ABSOLUTE
    ../clib/microlib/init/entry.s            0x00000000   Number         0  entry10a.o ABSOLUTE
    ../clib/microlib/string/memcpy.c         0x00000000   Number         0  memcpyb.o ABSOLUTE
    ../clib/microlib/string/memcpy.c         0x00000000   Number         0  memcpya.o ABSOLUTE
    ..\..\..\..\Libraries\STM32F4xx_StdPeriph_Driver\src\misc.c 0x00000000   Number         0  misc.o ABSOLUTE
    ..\..\..\..\Libraries\STM32F4xx_StdPeriph_Driver\src\stm32f4xx_dcmi.c 0x00000000   Number         0  stm32f4xx_dcmi.o ABSOLUTE
    ..\..\..\..\Libraries\STM32F4xx_StdPeriph_Driver\src\stm32f4xx_dma.c 0x00000000   Number         0  stm32f4xx_dma.o ABSOLUTE
    ..\..\..\..\Libraries\STM32F4xx_StdPeriph_Driver\src\stm32f4xx_exti.c 0x00000000   Number         0  stm32f4xx_exti.o ABSOLUTE
    ..\..\..\..\Libraries\STM32F4xx_StdPeriph_Driver\src\stm32f4xx_gpio.c 0x00000000   Number         0  stm32f4xx_gpio.o ABSOLUTE
    ..\..\..\..\Libraries\STM32F4xx_StdPeriph_Driver\src\stm32f4xx_i2c.c 0x00000000   Number         0  stm32f4xx_i2c.o ABSOLUTE
    ..\..\..\..\Libraries\STM32F4xx_StdPeriph_Driver\src\stm32f4xx_rcc.c 0x00000000   Number         0  stm32f4xx_rcc.o ABSOLUTE
    ..\..\..\..\Libraries\STM32F4xx_StdPeriph_Driver\src\stm32f4xx_sdio.c 0x00000000   Number         0  stm32f4xx_sdio.o ABSOLUTE
    ..\..\..\..\Libraries\STM32F4xx_StdPeriph_Driver\src\stm32f4xx_syscfg.c 0x00000000   Number         0  stm32f4xx_syscfg.o ABSOLUTE
    ..\..\..\..\Libraries\STM32F4xx_StdPeriph_Driver\src\stm32f4xx_tim.c 0x00000000   Number         0  stm32f4xx_tim.o ABSOLUTE
    ..\..\..\..\Libraries\STM32F4xx_StdPeriph_Driver\src\stm32f4xx_usart.c 0x00000000   Number         0  stm32f4xx_usart.o ABSOLUTE
    ..\..\..\..\Libraries\startup_stm32f4xx.s 0x00000000   Number         0  startup_stm32f4xx.o ABSOLUTE
    ..\SCCB.C                                0x00000000   Number         0  sccb.o ABSOLUTE
    ..\\..\\..\\..\\Libraries\\STM32F4xx_StdPeriph_Driver\\src\\misc.c 0x00000000   Number         0  misc.o ABSOLUTE
    ..\\..\\..\\..\\Libraries\\STM32F4xx_StdPeriph_Driver\\src\\stm32f4xx_dcmi.c 0x00000000   Number         0  stm32f4xx_dcmi.o ABSOLUTE
    ..\\..\\..\\..\\Libraries\\STM32F4xx_StdPeriph_Driver\\src\\stm32f4xx_dma.c 0x00000000   Number         0  stm32f4xx_dma.o ABSOLUTE
    ..\\..\\..\\..\\Libraries\\STM32F4xx_StdPeriph_Driver\\src\\stm32f4xx_exti.c 0x00000000   Number         0  stm32f4xx_exti.o ABSOLUTE
    ..\\..\\..\\..\\Libraries\\STM32F4xx_StdPeriph_Driver\\src\\stm32f4xx_gpio.c 0x00000000   Number         0  stm32f4xx_gpio.o ABSOLUTE
    ..\\..\\..\\..\\Libraries\\STM32F4xx_StdPeriph_Driver\\src\\stm32f4xx_i2c.c 0x00000000   Number         0  stm32f4xx_i2c.o ABSOLUTE
    ..\\..\\..\\..\\Libraries\\STM32F4xx_StdPeriph_Driver\\src\\stm32f4xx_rcc.c 0x00000000   Number         0  stm32f4xx_rcc.o ABSOLUTE
    ..\\..\\..\\..\\Libraries\\STM32F4xx_StdPeriph_Driver\\src\\stm32f4xx_sdio.c 0x00000000   Number         0  stm32f4xx_sdio.o ABSOLUTE
    ..\\..\\..\\..\\Libraries\\STM32F4xx_StdPeriph_Driver\\src\\stm32f4xx_syscfg.c 0x00000000   Number         0  stm32f4xx_syscfg.o ABSOLUTE
    ..\\..\\..\\..\\Libraries\\STM32F4xx_StdPeriph_Driver\\src\\stm32f4xx_tim.c 0x00000000   Number         0  stm32f4xx_tim.o ABSOLUTE
    ..\\..\\..\\..\\Libraries\\STM32F4xx_StdPeriph_Driver\\src\\stm32f4xx_usart.c 0x00000000   Number         0  stm32f4xx_usart.o ABSOLUTE
    ..\\SCCB.C                               0x00000000   Number         0  sccb.o ABSOLUTE
    ..\\diskio.c                             0x00000000   Number         0  diskio.o ABSOLUTE
    ..\\main.c                               0x00000000   Number         0  main.o ABSOLUTE
    ..\\ov2640.c                             0x00000000   Number         0  ov2640.o ABSOLUTE
    ..\\stm32f4_discovery.c                  0x00000000   Number         0  stm32f4_discovery.o ABSOLUTE
    ..\\stm32f4_discovery_sdio_sd.c          0x00000000   Number         0  stm32f4_discovery_sdio_sd.o ABSOLUTE
    ..\\stm32f4xx_it.c                       0x00000000   Number         0  stm32f4xx_it.o ABSOLUTE
    ..\\system_stm32f4xx.c                   0x00000000   Number         0  system_stm32f4xx.o ABSOLUTE
    ..\diskio.c                              0x00000000   Number         0  diskio.o ABSOLUTE
    ..\ff.c                                  0x00000000   Number         0  ff.o ABSOLUTE
    ..\main.c                                0x00000000   Number         0  main.o ABSOLUTE
    ..\ov2640.c                              0x00000000   Number         0  ov2640.o ABSOLUTE
    ..\stm32f4_discovery.c                   0x00000000   Number         0  stm32f4_discovery.o ABSOLUTE
    ..\stm32f4_discovery_sdio_sd.c           0x00000000   Number         0  stm32f4_discovery_sdio_sd.o ABSOLUTE
    ..\stm32f4xx_it.c                        0x00000000   Number         0  stm32f4xx_it.o ABSOLUTE
    ..\system_stm32f4xx.c                    0x00000000   Number         0  system_stm32f4xx.o ABSOLUTE
    dc.s                                     0x00000000   Number         0  dc.o ABSOLUTE
    handlers.s                               0x00000000   Number         0  handlers.o ABSOLUTE
    init.s                                   0x00000000   Number         0  init.o ABSOLUTE
    RESET                                    0x08000000   Section      392  startup_stm32f4xx.o(RESET)
    .ARM.Collect$$$$00000000                 0x08000188   Section        0  entry.o(.ARM.Collect$$$$00000000)
    .ARM.Collect$$$$00000001                 0x08000188   Section        4  entry2.o(.ARM.Collect$$$$00000001)
    .ARM.Collect$$$$00000004                 0x0800018c   Section        4  entry5.o(.ARM.Collect$$$$00000004)
    .ARM.Collect$$$$00000008                 0x08000190   Section        0  entry7b.o(.ARM.Collect$$$$00000008)
    .ARM.Collect$$$$0000000A                 0x08000190   Section        0  entry8b.o(.ARM.Collect$$$$0000000A)
    .ARM.Collect$$$$0000000B                 0x08000190   Section        8  entry9a.o(.ARM.Collect$$$$0000000B)
    .ARM.Collect$$$$0000000D                 0x08000198   Section        0  entry10a.o(.ARM.Collect$$$$0000000D)
    .ARM.Collect$$$$0000000F                 0x08000198   Section        0  entry11a.o(.ARM.Collect$$$$0000000F)
    .ARM.Collect$$$$00002712                 0x08000198   Section        4  entry2.o(.ARM.Collect$$$$00002712)
    __lit__00000000                          0x08000198   Data           4  entry2.o(.ARM.Collect$$$$00002712)
    .text                                    0x0800019c   Section       36  startup_stm32f4xx.o(.text)
    $v0                                      0x0800019c   Number         0  startup_stm32f4xx.o(.text)
    .text                                    0x080001c0   Section        0  memcpya.o(.text)
    .text                                    0x080001e4   Section       36  init.o(.text)
    i.BusFault_Handler                       0x08000208   Section        0  stm32f4xx_it.o(i.BusFault_Handler)
    i.CmdResp1Error                          0x0800020c   Section        0  stm32f4_discovery_sdio_sd.o(i.CmdResp1Error)
    CmdResp1Error                            0x0800020d   Thumb Code   282  stm32f4_discovery_sdio_sd.o(i.CmdResp1Error)
    i.DCMI_CaptureCmd                        0x08000330   Section        0  stm32f4xx_dcmi.o(i.DCMI_CaptureCmd)
    i.DCMI_ClearITPendingBit                 0x08000348   Section        0  stm32f4xx_dcmi.o(i.DCMI_ClearITPendingBit)
    i.DCMI_Cmd                               0x08000354   Section        0  stm32f4xx_dcmi.o(i.DCMI_Cmd)
    i.DCMI_Config                            0x0800036c   Section        0  main.o(i.DCMI_Config)
    i.DCMI_GetITStatus                       0x080004ec   Section        0  stm32f4xx_dcmi.o(i.DCMI_GetITStatus)
    i.DCMI_IRQHandler                        0x08000500   Section        0  stm32f4xx_it.o(i.DCMI_IRQHandler)
    i.DCMI_ITConfig                          0x0800056c   Section        0  stm32f4xx_dcmi.o(i.DCMI_ITConfig)
    i.DCMI_Init                              0x08000584   Section        0  stm32f4xx_dcmi.o(i.DCMI_Init)
    i.DCMI_JPEGCmd                           0x080005d8   Section        0  stm32f4xx_dcmi.o(i.DCMI_JPEGCmd)
    i.DCMI_SingleRandomRead                  0x080005f0   Section        0  sccb.o(i.DCMI_SingleRandomRead)
    i.DCMI_SingleRandomWrite                 0x08000714   Section        0  sccb.o(i.DCMI_SingleRandomWrite)
    i.DMA2_Stream3_IRQHandler                0x080007c0   Section        0  stm32f4xx_it.o(i.DMA2_Stream3_IRQHandler)
    i.DMA_ClearFlag                          0x080007c4   Section        0  stm32f4xx_dma.o(i.DMA_ClearFlag)
    i.DMA_Cmd                                0x080007f0   Section        0  stm32f4xx_dma.o(i.DMA_Cmd)
    i.DMA_DeInit                             0x08000804   Section        0  stm32f4xx_dma.o(i.DMA_DeInit)
    i.DMA_FlowControllerConfig               0x08000988   Section        0  stm32f4xx_dma.o(i.DMA_FlowControllerConfig)
    i.DMA_ITConfig                           0x0800099a   Section        0  stm32f4xx_dma.o(i.DMA_ITConfig)
    i.DMA_Init                               0x080009dc   Section        0  stm32f4xx_dma.o(i.DMA_Init)
    i.DebugMon_Handler                       0x08000a54   Section        0  stm32f4xx_it.o(i.DebugMon_Handler)
    i.Delayms                                0x08000a58   Section        0  main.o(i.Delayms)
    i.GPIO_Init                              0x08000a68   Section        0  stm32f4xx_gpio.o(i.GPIO_Init)
    i.GPIO_PinAFConfig                       0x08000af8   Section        0  stm32f4xx_gpio.o(i.GPIO_PinAFConfig)
    i.GPIO_ReadInputDataBit                  0x08000b1a   Section        0  stm32f4xx_gpio.o(i.GPIO_ReadInputDataBit)
    i.GPIO_ResetBits                         0x08000b28   Section        0  stm32f4xx_gpio.o(i.GPIO_ResetBits)
    i.GPIO_SetBits                           0x08000b2c   Section        0  stm32f4xx_gpio.o(i.GPIO_SetBits)
    i.HardFault_Handler                      0x08000b30   Section        0  stm32f4xx_it.o(i.HardFault_Handler)
    i.I2C_AcknowledgeConfig                  0x08000b32   Section        0  stm32f4xx_i2c.o(i.I2C_AcknowledgeConfig)
    i.I2C_CheckEvent                         0x08000b44   Section        0  stm32f4xx_i2c.o(i.I2C_CheckEvent)
    i.I2C_Cmd                                0x08000b5e   Section        0  stm32f4xx_i2c.o(i.I2C_Cmd)
    i.I2C_DeInit                             0x08000b70   Section        0  stm32f4xx_i2c.o(i.I2C_DeInit)
    i.I2C_GenerateSTART                      0x08000bd4   Section        0  stm32f4xx_i2c.o(i.I2C_GenerateSTART)
    i.I2C_GenerateSTOP                       0x08000be6   Section        0  stm32f4xx_i2c.o(i.I2C_GenerateSTOP)
    i.I2C_Init                               0x08000bf8   Section        0  stm32f4xx_i2c.o(i.I2C_Init)
    i.I2C_ReceiveData                        0x08000cbc   Section        0  stm32f4xx_i2c.o(i.I2C_ReceiveData)
    i.I2C_Send7bitAddress                    0x08000cc2   Section        0  stm32f4xx_i2c.o(i.I2C_Send7bitAddress)
    i.I2C_SendData                           0x08000cd2   Section        0  stm32f4xx_i2c.o(i.I2C_SendData)
    i.MemManage_Handler                      0x08000cd6   Section        0  stm32f4xx_it.o(i.MemManage_Handler)
    i.NMI_Handler                            0x08000cd8   Section        0  stm32f4xx_it.o(i.NMI_Handler)
    i.NVIC_Init                              0x08000cdc   Section        0  misc.o(i.NVIC_Init)
    i.NVIC_PriorityGroupConfig               0x08000d4c   Section        0  misc.o(i.NVIC_PriorityGroupConfig)
    i.OV2460_IOConfigure                     0x08000d60   Section        0  main.o(i.OV2460_IOConfigure)
    i.OV2640_DMA_Init                        0x08000e1c   Section        0  main.o(i.OV2640_DMA_Init)
    i.OV2640_JPEGFullInit                    0x08000ea4   Section        0  ov2640.o(i.OV2640_JPEGFullInit)
    i.PendSV_Handler                         0x08000ff8   Section        0  stm32f4xx_it.o(i.PendSV_Handler)
    i.RCC_AHB1PeriphClockCmd                 0x08000ffc   Section        0  stm32f4xx_rcc.o(i.RCC_AHB1PeriphClockCmd)
    i.RCC_AHB2PeriphClockCmd                 0x08001014   Section        0  stm32f4xx_rcc.o(i.RCC_AHB2PeriphClockCmd)
    i.RCC_APB1PeriphClockCmd                 0x0800102c   Section        0  stm32f4xx_rcc.o(i.RCC_APB1PeriphClockCmd)
    i.RCC_APB1PeriphResetCmd                 0x08001044   Section        0  stm32f4xx_rcc.o(i.RCC_APB1PeriphResetCmd)
    i.RCC_APB2PeriphClockCmd                 0x0800105c   Section        0  stm32f4xx_rcc.o(i.RCC_APB2PeriphClockCmd)
    i.RCC_APB2PeriphResetCmd                 0x08001074   Section        0  stm32f4xx_rcc.o(i.RCC_APB2PeriphResetCmd)
    i.RCC_GetClocksFreq                      0x0800108c   Section        0  stm32f4xx_rcc.o(i.RCC_GetClocksFreq)
    i.SCCB_GPIO_Config                       0x08001134   Section        0  sccb.o(i.SCCB_GPIO_Config)
    i.SCCB_Write                             0x080011d4   Section        0  sccb.o(i.SCCB_Write)
    i.SDEnWideBus                            0x08001280   Section        0  stm32f4_discovery_sdio_sd.o(i.SDEnWideBus)
    SDEnWideBus                              0x08001281   Thumb Code   506  stm32f4_discovery_sdio_sd.o(i.SDEnWideBus)
    i.SDIO_ClearFlag                         0x0800148c   Section        0  stm32f4xx_sdio.o(i.SDIO_ClearFlag)
    i.SDIO_ClearITPendingBit                 0x08001498   Section        0  stm32f4xx_sdio.o(i.SDIO_ClearITPendingBit)
    i.SDIO_ClockCmd                          0x080014a4   Section        0  stm32f4xx_sdio.o(i.SDIO_ClockCmd)
    i.SDIO_DMACmd                            0x080014b0   Section        0  stm32f4xx_sdio.o(i.SDIO_DMACmd)
    i.SDIO_DataConfig                        0x080014bc   Section        0  stm32f4xx_sdio.o(i.SDIO_DataConfig)
    i.SDIO_DeInit                            0x080014ec   Section        0  stm32f4xx_sdio.o(i.SDIO_DeInit)
    i.SDIO_GetCommandResponse                0x08001504   Section        0  stm32f4xx_sdio.o(i.SDIO_GetCommandResponse)
    i.SDIO_GetFlagStatus                     0x08001510   Section        0  stm32f4xx_sdio.o(i.SDIO_GetFlagStatus)
    i.SDIO_GetITStatus                       0x08001524   Section        0  stm32f4xx_sdio.o(i.SDIO_GetITStatus)
    i.SDIO_GetPowerState                     0x08001538   Section        0  stm32f4xx_sdio.o(i.SDIO_GetPowerState)
    i.SDIO_GetResponse                       0x08001548   Section        0  stm32f4xx_sdio.o(i.SDIO_GetResponse)
    i.SDIO_IRQHandler                        0x0800155c   Section        0  stm32f4xx_it.o(i.SDIO_IRQHandler)
    i.SDIO_ITConfig                          0x08001560   Section        0  stm32f4xx_sdio.o(i.SDIO_ITConfig)
    i.SDIO_Init                              0x08001578   Section        0  stm32f4xx_sdio.o(i.SDIO_Init)
    i.SDIO_ReadData                          0x080015b8   Section        0  stm32f4xx_sdio.o(i.SDIO_ReadData)
    i.SDIO_SendCommand                       0x080015c4   Section        0  stm32f4xx_sdio.o(i.SDIO_SendCommand)
    i.SDIO_SetPowerState                     0x080015f0   Section        0  stm32f4xx_sdio.o(i.SDIO_SetPowerState)
    i.SD_Detect                              0x080015fc   Section        0  stm32f4_discovery_sdio_sd.o(i.SD_Detect)
    i.SD_EnableWideBusOperation              0x0800160c   Section        0  stm32f4_discovery_sdio_sd.o(i.SD_EnableWideBusOperation)
    i.SD_GetCardInfo                         0x0800168c   Section        0  stm32f4_discovery_sdio_sd.o(i.SD_GetCardInfo)
    i.SD_GetStatus                           0x08001940   Section        0  stm32f4_discovery_sdio_sd.o(i.SD_GetStatus)
    i.SD_Init                                0x0800199c   Section        0  stm32f4_discovery_sdio_sd.o(i.SD_Init)
    i.SD_InitializeCards                     0x08001a3c   Section        0  stm32f4_discovery_sdio_sd.o(i.SD_InitializeCards)
    i.SD_LowLevel_DMA_RxConfig               0x08001c0c   Section        0  stm32f4_discovery.o(i.SD_LowLevel_DMA_RxConfig)
    i.SD_LowLevel_DMA_TxConfig               0x08001c94   Section        0  stm32f4_discovery.o(i.SD_LowLevel_DMA_TxConfig)
    i.SD_LowLevel_Init                       0x08001d1c   Section        0  stm32f4_discovery.o(i.SD_LowLevel_Init)
    i.SD_PowerON                             0x08001ddc   Section        0  stm32f4_discovery_sdio_sd.o(i.SD_PowerON)
    i.SD_ProcessDMAIRQ                       0x08001fd8   Section        0  stm32f4_discovery_sdio_sd.o(i.SD_ProcessDMAIRQ)
    i.SD_ProcessIRQSrc                       0x08002000   Section        0  stm32f4_discovery_sdio_sd.o(i.SD_ProcessIRQSrc)
    i.SD_ReadBlock                           0x08002094   Section        0  stm32f4_discovery_sdio_sd.o(i.SD_ReadBlock)
    i.SD_ReadMultiBlocksFIXED                0x08002154   Section        0  stm32f4_discovery_sdio_sd.o(i.SD_ReadMultiBlocksFIXED)
    i.SD_WaitReadOperation                   0x08002220   Section        0  stm32f4_discovery_sdio_sd.o(i.SD_WaitReadOperation)
    i.SD_WaitWriteOperation                  0x080022a4   Section        0  stm32f4_discovery_sdio_sd.o(i.SD_WaitWriteOperation)
    i.SD_WriteMultiBlocksFIXED               0x08002328   Section        0  stm32f4_discovery_sdio_sd.o(i.SD_WriteMultiBlocksFIXED)
    i.SVC_Handler                            0x08002444   Section        0  stm32f4xx_it.o(i.SVC_Handler)
    i.SysTick_Handler                        0x08002448   Section        0  stm32f4xx_it.o(i.SysTick_Handler)
    i.SystemInit                             0x08002460   Section        0  system_stm32f4xx.o(i.SystemInit)
    i.TIM_Cmd                                0x08002558   Section        0  stm32f4xx_tim.o(i.TIM_Cmd)
    i.TIM_OC2Init                            0x0800256a   Section        0  stm32f4xx_tim.o(i.TIM_OC2Init)
    i.TIM_OC2PreloadConfig                   0x080025f4   Section        0  stm32f4xx_tim.o(i.TIM_OC2PreloadConfig)
    i.TIM_TimeBaseInit                       0x08002608   Section        0  stm32f4xx_tim.o(i.TIM_TimeBaseInit)
    i.USART_Cmd                              0x08002688   Section        0  stm32f4xx_usart.o(i.USART_Cmd)
    i.USART_Init                             0x0800269c   Section        0  stm32f4xx_usart.o(i.USART_Init)
    i.UsageFault_Handler                     0x08002754   Section        0  stm32f4xx_it.o(i.UsageFault_Handler)
    i.__scatterload_copy                     0x08002756   Section       14  handlers.o(i.__scatterload_copy)
    i.__scatterload_null                     0x08002764   Section        2  handlers.o(i.__scatterload_null)
    i.__scatterload_zeroinit                 0x08002766   Section       14  handlers.o(i.__scatterload_zeroinit)
    i.chk_mounted                            0x08002774   Section        0  ff.o(i.chk_mounted)
    chk_mounted                              0x08002775   Thumb Code   658  ff.o(i.chk_mounted)
    i.create_chain                           0x08002a1c   Section        0  ff.o(i.create_chain)
    create_chain                             0x08002a1d   Thumb Code   160  ff.o(i.create_chain)
    i.dir_next                               0x08002abc   Section        0  ff.o(i.dir_next)
    dir_next                                 0x08002abd   Thumb Code   292  ff.o(i.dir_next)
    i.dir_sdi                                0x08002be0   Section        0  ff.o(i.dir_sdi)
    dir_sdi                                  0x08002be1   Thumb Code   152  ff.o(i.dir_sdi)
    i.disk_initialize                        0x08002c78   Section        0  diskio.o(i.disk_initialize)
    i.disk_ioctl                             0x08002c8e   Section        0  diskio.o(i.disk_ioctl)
    i.disk_read                              0x08002c94   Section        0  diskio.o(i.disk_read)
    i.disk_status                            0x08002d3c   Section        0  diskio.o(i.disk_status)
    i.disk_write                             0x08002d50   Section        0  diskio.o(i.disk_write)
    i.f_close                                0x08002e00   Section        0  ff.o(i.f_close)
    i.f_mount                                0x08002e14   Section        0  ff.o(i.f_mount)
    i.f_open                                 0x08002e38   Section        0  ff.o(i.f_open)
    i.f_opendir                              0x08002fc8   Section        0  ff.o(i.f_opendir)
    i.f_sync                                 0x08003020   Section        0  ff.o(i.f_sync)
    i.f_write                                0x080030ec   Section        0  ff.o(i.f_write)
    i.follow_path                            0x080032bc   Section        0  ff.o(i.follow_path)
    follow_path                              0x080032bd   Thumb Code   480  ff.o(i.follow_path)
    i.get_fat                                0x080034ac   Section        0  ff.o(i.get_fat)
    i.get_fattime                            0x0800356c   Section        0  diskio.o(i.get_fattime)
    i.main                                   0x08003570   Section        0  main.o(i.main)
    i.mem_cpy                                0x0800396c   Section        0  ff.o(i.mem_cpy)
    mem_cpy                                  0x0800396d   Thumb Code    84  ff.o(i.mem_cpy)
    i.mem_set                                0x080039c0   Section        0  ff.o(i.mem_set)
    mem_set                                  0x080039c1   Thumb Code    72  ff.o(i.mem_set)
    i.move_window                            0x08003a08   Section        0  ff.o(i.move_window)
    move_window                              0x08003a09   Thumb Code   116  ff.o(i.move_window)
    i.put_fat                                0x08003a7c   Section        0  ff.o(i.put_fat)
    i.remove_chain                           0x08003b76   Section        0  ff.o(i.remove_chain)
    remove_chain                             0x08003b77   Thumb Code    98  ff.o(i.remove_chain)
    i.sync                                   0x08003bd8   Section        0  ff.o(i.sync)
    sync                                     0x08003bd9   Thumb Code   180  ff.o(i.sync)
    .constdata                               0x08003c8c   Section      636  ov2640.o(.constdata)
    OV2640_AUTOEXPOSURE_LEVEL                0x08003c8c   Data          50  ov2640.o(.constdata)
    test                                     0x08003cbe   Data          82  ov2640.o(.constdata)
    default_regs                             0x08003d10   Data         346  ov2640.o(.constdata)
    jpeg_regs                                0x08003eb0   Data          16  ov2640.o(.constdata)
    brightness_regs                          0x08003ec0   Data          30  ov2640.o(.constdata)
    contrast_regs                            0x08003ede   Data          42  ov2640.o(.constdata)
    .data                                    0x20000000   Section        4  sccb.o(.data)
    .data                                    0x20000004   Section       20  system_stm32f4xx.o(.data)
    .data                                    0x20000018   Section       12  main.o(.data)
    .data                                    0x20000024   Section        4  stm32f4xx_it.o(.data)
    .data                                    0x20000028   Section        8  ff.o(.data)
    Fsid                                     0x20000028   Data           2  ff.o(.data)
    FatFs                                    0x2000002c   Data           4  ff.o(.data)
    .data                                    0x20000030   Section       24  stm32f4_discovery_sdio_sd.o(.data)
    CardType                                 0x20000034   Data           4  stm32f4_discovery_sdio_sd.o(.data)
    RCA                                      0x20000038   Data           4  stm32f4_discovery_sdio_sd.o(.data)
    .data                                    0x20000048   Section       16  stm32f4xx_rcc.o(.data)
    APBAHBPrescTable                         0x20000048   Data          16  stm32f4xx_rcc.o(.data)
    .bss                                     0x20000058   Section    104048  main.o(.bss)
    .bss                                     0x200196c8   Section      204  stm32f4_discovery_sdio_sd.o(.bss)
    CSD_Tab                                  0x200196c8   Data          16  stm32f4_discovery_sdio_sd.o(.bss)
    CID_Tab                                  0x200196d8   Data          16  stm32f4_discovery_sdio_sd.o(.bss)
    SDSTATUS_Tab                             0x200196e8   Data          16  stm32f4_discovery_sdio_sd.o(.bss)
    STACK                                    0x20019798   Section     1024  startup_stm32f4xx.o(STACK)

    Global Symbols

    Symbol Name                              Value     Ov Type        Size  Object(Section)

    BuildAttributes$$THM_ISAv4$E$P$D$K$B$S$7EM$VFPi3$EXTD16$VFPS$VFMA$PE$A:L22UL41UL21$X:L11$S22US41US21$IEEE1$IW$USESV6$~STKCKD$USESV7$~SHL$OTIME$EBA8$MICROLIB$REQ8$PRES8$EABIv2 0x00000000   Number         0  anon$$obj.o ABSOLUTE
    __ARM_use_no_argv                        0x00000000   Number         0  main.o ABSOLUTE
    __cpp_initialize__aeabi_                  - Undefined Weak Reference
    __cxa_finalize                            - Undefined Weak Reference
    __decompress                              - Undefined Weak Reference
    _clock_init                               - Undefined Weak Reference
    _microlib_exit                            - Undefined Weak Reference
    __Vectors_Size                           0x00000188   Number         0  startup_stm32f4xx.o ABSOLUTE
    __Vectors                                0x08000000   Data           4  startup_stm32f4xx.o(RESET)
    __Vectors_End                            0x08000188   Data           0  startup_stm32f4xx.o(RESET)
    __main                                   0x08000189   Thumb Code     0  entry.o(.ARM.Collect$$$$00000000)
    _main_stk                                0x08000189   Thumb Code     0  entry2.o(.ARM.Collect$$$$00000001)
    _main_scatterload                        0x0800018d   Thumb Code     0  entry5.o(.ARM.Collect$$$$00000004)
    __main_after_scatterload                 0x08000191   Thumb Code     0  entry5.o(.ARM.Collect$$$$00000004)
    _main_clock                              0x08000191   Thumb Code     0  entry7b.o(.ARM.Collect$$$$00000008)
    _main_cpp_init                           0x08000191   Thumb Code     0  entry8b.o(.ARM.Collect$$$$0000000A)
    _main_init                               0x08000191   Thumb Code     0  entry9a.o(.ARM.Collect$$$$0000000B)
    __rt_final_cpp                           0x08000199   Thumb Code     0  entry10a.o(.ARM.Collect$$$$0000000D)
    __rt_final_exit                          0x08000199   Thumb Code     0  entry11a.o(.ARM.Collect$$$$0000000F)
    Reset_Handler                            0x0800019d   Thumb Code     8  startup_stm32f4xx.o(.text)
    ADC_IRQHandler                           0x080001b7   Thumb Code     0  startup_stm32f4xx.o(.text)
    CAN1_RX0_IRQHandler                      0x080001b7   Thumb Code     0  startup_stm32f4xx.o(.text)
    CAN1_RX1_IRQHandler                      0x080001b7   Thumb Code     0  startup_stm32f4xx.o(.text)
    CAN1_SCE_IRQHandler                      0x080001b7   Thumb Code     0  startup_stm32f4xx.o(.text)
    CAN1_TX_IRQHandler                       0x080001b7   Thumb Code     0  startup_stm32f4xx.o(.text)
    CAN2_RX0_IRQHandler                      0x080001b7   Thumb Code     0  startup_stm32f4xx.o(.text)
    CAN2_RX1_IRQHandler                      0x080001b7   Thumb Code     0  startup_stm32f4xx.o(.text)
    CAN2_SCE_IRQHandler                      0x080001b7   Thumb Code     0  startup_stm32f4xx.o(.text)
    CAN2_TX_IRQHandler                       0x080001b7   Thumb Code     0  startup_stm32f4xx.o(.text)
    CRYP_IRQHandler                          0x080001b7   Thumb Code     0  startup_stm32f4xx.o(.text)
    DMA1_Stream0_IRQHandler                  0x080001b7   Thumb Code     0  startup_stm32f4xx.o(.text)
    DMA1_Stream1_IRQHandler                  0x080001b7   Thumb Code     0  startup_stm32f4xx.o(.text)
    DMA1_Stream2_IRQHandler                  0x080001b7   Thumb Code     0  startup_stm32f4xx.o(.text)
    DMA1_Stream3_IRQHandler                  0x080001b7   Thumb Code     0  startup_stm32f4xx.o(.text)
    DMA1_Stream4_IRQHandler                  0x080001b7   Thumb Code     0  startup_stm32f4xx.o(.text)
    DMA1_Stream5_IRQHandler                  0x080001b7   Thumb Code     0  startup_stm32f4xx.o(.text)
    DMA1_Stream6_IRQHandler                  0x080001b7   Thumb Code     0  startup_stm32f4xx.o(.text)
    DMA1_Stream7_IRQHandler                  0x080001b7   Thumb Code     0  startup_stm32f4xx.o(.text)
    DMA2_Stream0_IRQHandler                  0x080001b7   Thumb Code     0  startup_stm32f4xx.o(.text)
    DMA2_Stream1_IRQHandler                  0x080001b7   Thumb Code     0  startup_stm32f4xx.o(.text)
    DMA2_Stream2_IRQHandler                  0x080001b7   Thumb Code     0  startup_stm32f4xx.o(.text)
    DMA2_Stream4_IRQHandler                  0x080001b7   Thumb Code     0  startup_stm32f4xx.o(.text)
    DMA2_Stream5_IRQHandler                  0x080001b7   Thumb Code     0  startup_stm32f4xx.o(.text)
    DMA2_Stream6_IRQHandler                  0x080001b7   Thumb Code     0  startup_stm32f4xx.o(.text)
    DMA2_Stream7_IRQHandler                  0x080001b7   Thumb Code     0  startup_stm32f4xx.o(.text)
    ETH_IRQHandler                           0x080001b7   Thumb Code     0  startup_stm32f4xx.o(.text)
    ETH_WKUP_IRQHandler                      0x080001b7   Thumb Code     0  startup_stm32f4xx.o(.text)
    EXTI0_IRQHandler                         0x080001b7   Thumb Code     0  startup_stm32f4xx.o(.text)
    EXTI15_10_IRQHandler                     0x080001b7   Thumb Code     0  startup_stm32f4xx.o(.text)
    EXTI1_IRQHandler                         0x080001b7   Thumb Code     0  startup_stm32f4xx.o(.text)
    EXTI2_IRQHandler                         0x080001b7   Thumb Code     0  startup_stm32f4xx.o(.text)
    EXTI3_IRQHandler                         0x080001b7   Thumb Code     0  startup_stm32f4xx.o(.text)
    EXTI4_IRQHandler                         0x080001b7   Thumb Code     0  startup_stm32f4xx.o(.text)
    EXTI9_5_IRQHandler                       0x080001b7   Thumb Code     0  startup_stm32f4xx.o(.text)
    FLASH_IRQHandler                         0x080001b7   Thumb Code     0  startup_stm32f4xx.o(.text)
    FPU_IRQHandler                           0x080001b7   Thumb Code     0  startup_stm32f4xx.o(.text)
    FSMC_IRQHandler                          0x080001b7   Thumb Code     0  startup_stm32f4xx.o(.text)
    HASH_RNG_IRQHandler                      0x080001b7   Thumb Code     0  startup_stm32f4xx.o(.text)
    I2C1_ER_IRQHandler                       0x080001b7   Thumb Code     0  startup_stm32f4xx.o(.text)
    I2C1_EV_IRQHandler                       0x080001b7   Thumb Code     0  startup_stm32f4xx.o(.text)
    I2C2_ER_IRQHandler                       0x080001b7   Thumb Code     0  startup_stm32f4xx.o(.text)
    I2C2_EV_IRQHandler                       0x080001b7   Thumb Code     0  startup_stm32f4xx.o(.text)
    I2C3_ER_IRQHandler                       0x080001b7   Thumb Code     0  startup_stm32f4xx.o(.text)
    I2C3_EV_IRQHandler                       0x080001b7   Thumb Code     0  startup_stm32f4xx.o(.text)
    OTG_FS_IRQHandler                        0x080001b7   Thumb Code     0  startup_stm32f4xx.o(.text)
    OTG_FS_WKUP_IRQHandler                   0x080001b7   Thumb Code     0  startup_stm32f4xx.o(.text)
    OTG_HS_EP1_IN_IRQHandler                 0x080001b7   Thumb Code     0  startup_stm32f4xx.o(.text)
    OTG_HS_EP1_OUT_IRQHandler                0x080001b7   Thumb Code     0  startup_stm32f4xx.o(.text)
    OTG_HS_IRQHandler                        0x080001b7   Thumb Code     0  startup_stm32f4xx.o(.text)
    OTG_HS_WKUP_IRQHandler                   0x080001b7   Thumb Code     0  startup_stm32f4xx.o(.text)
    PVD_IRQHandler                           0x080001b7   Thumb Code     0  startup_stm32f4xx.o(.text)
    RCC_IRQHandler                           0x080001b7   Thumb Code     0  startup_stm32f4xx.o(.text)
    RTC_Alarm_IRQHandler                     0x080001b7   Thumb Code     0  startup_stm32f4xx.o(.text)
    RTC_WKUP_IRQHandler                      0x080001b7   Thumb Code     0  startup_stm32f4xx.o(.text)
    SPI1_IRQHandler                          0x080001b7   Thumb Code     0  startup_stm32f4xx.o(.text)
    SPI2_IRQHandler                          0x080001b7   Thumb Code     0  startup_stm32f4xx.o(.text)
    SPI3_IRQHandler                          0x080001b7   Thumb Code     0  startup_stm32f4xx.o(.text)
    TAMP_STAMP_IRQHandler                    0x080001b7   Thumb Code     0  startup_stm32f4xx.o(.text)
    TIM1_BRK_TIM9_IRQHandler                 0x080001b7   Thumb Code     0  startup_stm32f4xx.o(.text)
    TIM1_CC_IRQHandler                       0x080001b7   Thumb Code     0  startup_stm32f4xx.o(.text)
    TIM1_TRG_COM_TIM11_IRQHandler            0x080001b7   Thumb Code     0  startup_stm32f4xx.o(.text)
    TIM1_UP_TIM10_IRQHandler                 0x080001b7   Thumb Code     0  startup_stm32f4xx.o(.text)
    TIM2_IRQHandler                          0x080001b7   Thumb Code     0  startup_stm32f4xx.o(.text)
    TIM3_IRQHandler                          0x080001b7   Thumb Code     0  startup_stm32f4xx.o(.text)
    TIM4_IRQHandler                          0x080001b7   Thumb Code     0  startup_stm32f4xx.o(.text)
    TIM5_IRQHandler                          0x080001b7   Thumb Code     0  startup_stm32f4xx.o(.text)
    TIM6_DAC_IRQHandler                      0x080001b7   Thumb Code     0  startup_stm32f4xx.o(.text)
    TIM7_IRQHandler                          0x080001b7   Thumb Code     0  startup_stm32f4xx.o(.text)
    TIM8_BRK_TIM12_IRQHandler                0x080001b7   Thumb Code     0  startup_stm32f4xx.o(.text)
    TIM8_CC_IRQHandler                       0x080001b7   Thumb Code     0  startup_stm32f4xx.o(.text)
    TIM8_TRG_COM_TIM14_IRQHandler            0x080001b7   Thumb Code     0  startup_stm32f4xx.o(.text)
    TIM8_UP_TIM13_IRQHandler                 0x080001b7   Thumb Code     0  startup_stm32f4xx.o(.text)
    UART4_IRQHandler                         0x080001b7   Thumb Code     0  startup_stm32f4xx.o(.text)
    UART5_IRQHandler                         0x080001b7   Thumb Code     0  startup_stm32f4xx.o(.text)
    USART1_IRQHandler                        0x080001b7   Thumb Code     0  startup_stm32f4xx.o(.text)
    USART2_IRQHandler                        0x080001b7   Thumb Code     0  startup_stm32f4xx.o(.text)
    USART3_IRQHandler                        0x080001b7   Thumb Code     0  startup_stm32f4xx.o(.text)
    USART6_IRQHandler                        0x080001b7   Thumb Code     0  startup_stm32f4xx.o(.text)
    WWDG_IRQHandler                          0x080001b7   Thumb Code     0  startup_stm32f4xx.o(.text)
    __aeabi_memcpy                           0x080001c1   Thumb Code    36  memcpya.o(.text)
    __aeabi_memcpy4                          0x080001c1   Thumb Code     0  memcpya.o(.text)
    __aeabi_memcpy8                          0x080001c1   Thumb Code     0  memcpya.o(.text)
    __scatterload                            0x080001e5   Thumb Code    28  init.o(.text)
    __scatterload_rt2                        0x080001e5   Thumb Code     0  init.o(.text)
    BusFault_Handler                         0x08000209   Thumb Code     2  stm32f4xx_it.o(i.BusFault_Handler)
    DCMI_CaptureCmd                          0x08000331   Thumb Code    20  stm32f4xx_dcmi.o(i.DCMI_CaptureCmd)
    DCMI_ClearITPendingBit                   0x08000349   Thumb Code     6  stm32f4xx_dcmi.o(i.DCMI_ClearITPendingBit)
    DCMI_Cmd                                 0x08000355   Thumb Code    20  stm32f4xx_dcmi.o(i.DCMI_Cmd)
    DCMI_Config                              0x0800036d   Thumb Code   368  main.o(i.DCMI_Config)
    DCMI_GetITStatus                         0x080004ed   Thumb Code    16  stm32f4xx_dcmi.o(i.DCMI_GetITStatus)
    DCMI_IRQHandler                          0x08000501   Thumb Code   100  stm32f4xx_it.o(i.DCMI_IRQHandler)
    DCMI_ITConfig                            0x0800056d   Thumb Code    20  stm32f4xx_dcmi.o(i.DCMI_ITConfig)
    DCMI_Init                                0x08000585   Thumb Code    78  stm32f4xx_dcmi.o(i.DCMI_Init)
    DCMI_JPEGCmd                             0x080005d9   Thumb Code    20  stm32f4xx_dcmi.o(i.DCMI_JPEGCmd)
    DCMI_SingleRandomRead                    0x080005f1   Thumb Code   260  sccb.o(i.DCMI_SingleRandomRead)
    DCMI_SingleRandomWrite                   0x08000715   Thumb Code   150  sccb.o(i.DCMI_SingleRandomWrite)
    DMA2_Stream3_IRQHandler                  0x080007c1   Thumb Code     4  stm32f4xx_it.o(i.DMA2_Stream3_IRQHandler)
    DMA_ClearFlag                            0x080007c5   Thumb Code    28  stm32f4xx_dma.o(i.DMA_ClearFlag)
    DMA_Cmd                                  0x080007f1   Thumb Code    18  stm32f4xx_dma.o(i.DMA_Cmd)
    DMA_DeInit                               0x08000805   Thumb Code   298  stm32f4xx_dma.o(i.DMA_DeInit)
    DMA_FlowControllerConfig                 0x08000989   Thumb Code    18  stm32f4xx_dma.o(i.DMA_FlowControllerConfig)
    DMA_ITConfig                             0x0800099b   Thumb Code    64  stm32f4xx_dma.o(i.DMA_ITConfig)
    DMA_Init                                 0x080009dd   Thumb Code   116  stm32f4xx_dma.o(i.DMA_Init)
    DebugMon_Handler                         0x08000a55   Thumb Code     2  stm32f4xx_it.o(i.DebugMon_Handler)
    Delayms                                  0x08000a59   Thumb Code    12  main.o(i.Delayms)
    GPIO_Init                                0x08000a69   Thumb Code   144  stm32f4xx_gpio.o(i.GPIO_Init)
    GPIO_PinAFConfig                         0x08000af9   Thumb Code    34  stm32f4xx_gpio.o(i.GPIO_PinAFConfig)
    GPIO_ReadInputDataBit                    0x08000b1b   Thumb Code    14  stm32f4xx_gpio.o(i.GPIO_ReadInputDataBit)
    GPIO_ResetBits                           0x08000b29   Thumb Code     4  stm32f4xx_gpio.o(i.GPIO_ResetBits)
    GPIO_SetBits                             0x08000b2d   Thumb Code     4  stm32f4xx_gpio.o(i.GPIO_SetBits)
    HardFault_Handler                        0x08000b31   Thumb Code     2  stm32f4xx_it.o(i.HardFault_Handler)
    I2C_AcknowledgeConfig                    0x08000b33   Thumb Code    18  stm32f4xx_i2c.o(i.I2C_AcknowledgeConfig)
    I2C_CheckEvent                           0x08000b45   Thumb Code    26  stm32f4xx_i2c.o(i.I2C_CheckEvent)
    I2C_Cmd                                  0x08000b5f   Thumb Code    18  stm32f4xx_i2c.o(i.I2C_Cmd)
    I2C_DeInit                               0x08000b71   Thumb Code   100  stm32f4xx_i2c.o(i.I2C_DeInit)
    I2C_GenerateSTART                        0x08000bd5   Thumb Code    18  stm32f4xx_i2c.o(i.I2C_GenerateSTART)
    I2C_GenerateSTOP                         0x08000be7   Thumb Code    18  stm32f4xx_i2c.o(i.I2C_GenerateSTOP)
    I2C_Init                                 0x08000bf9   Thumb Code   188  stm32f4xx_i2c.o(i.I2C_Init)
    I2C_ReceiveData                          0x08000cbd   Thumb Code     6  stm32f4xx_i2c.o(i.I2C_ReceiveData)
    I2C_Send7bitAddress                      0x08000cc3   Thumb Code    16  stm32f4xx_i2c.o(i.I2C_Send7bitAddress)
    I2C_SendData                             0x08000cd3   Thumb Code     4  stm32f4xx_i2c.o(i.I2C_SendData)
    MemManage_Handler                        0x08000cd7   Thumb Code     2  stm32f4xx_it.o(i.MemManage_Handler)
    NMI_Handler                              0x08000cd9   Thumb Code     2  stm32f4xx_it.o(i.NMI_Handler)
    NVIC_Init                                0x08000cdd   Thumb Code   102  misc.o(i.NVIC_Init)
    NVIC_PriorityGroupConfig                 0x08000d4d   Thumb Code    14  misc.o(i.NVIC_PriorityGroupConfig)
    OV2460_IOConfigure                       0x08000d61   Thumb Code   176  main.o(i.OV2460_IOConfigure)
    OV2640_DMA_Init                          0x08000e1d   Thumb Code   122  main.o(i.OV2640_DMA_Init)
    OV2640_JPEGFullInit                      0x08000ea5   Thumb Code   314  ov2640.o(i.OV2640_JPEGFullInit)
    PendSV_Handler                           0x08000ff9   Thumb Code     2  stm32f4xx_it.o(i.PendSV_Handler)
    RCC_AHB1PeriphClockCmd                   0x08000ffd   Thumb Code    18  stm32f4xx_rcc.o(i.RCC_AHB1PeriphClockCmd)
    RCC_AHB2PeriphClockCmd                   0x08001015   Thumb Code    18  stm32f4xx_rcc.o(i.RCC_AHB2PeriphClockCmd)
    RCC_APB1PeriphClockCmd                   0x0800102d   Thumb Code    18  stm32f4xx_rcc.o(i.RCC_APB1PeriphClockCmd)
    RCC_APB1PeriphResetCmd                   0x08001045   Thumb Code    18  stm32f4xx_rcc.o(i.RCC_APB1PeriphResetCmd)
    RCC_APB2PeriphClockCmd                   0x0800105d   Thumb Code    18  stm32f4xx_rcc.o(i.RCC_APB2PeriphClockCmd)
    RCC_APB2PeriphResetCmd                   0x08001075   Thumb Code    18  stm32f4xx_rcc.o(i.RCC_APB2PeriphResetCmd)
    RCC_GetClocksFreq                        0x0800108d   Thumb Code   150  stm32f4xx_rcc.o(i.RCC_GetClocksFreq)
    SCCB_GPIO_Config                         0x08001135   Thumb Code   150  sccb.o(i.SCCB_GPIO_Config)
    SCCB_Write                               0x080011d5   Thumb Code   152  sccb.o(i.SCCB_Write)
    SDIO_ClearFlag                           0x0800148d   Thumb Code     6  stm32f4xx_sdio.o(i.SDIO_ClearFlag)
    SDIO_ClearITPendingBit                   0x08001499   Thumb Code     6  stm32f4xx_sdio.o(i.SDIO_ClearITPendingBit)
    SDIO_ClockCmd                            0x080014a5   Thumb Code     6  stm32f4xx_sdio.o(i.SDIO_ClockCmd)
    SDIO_DMACmd                              0x080014b1   Thumb Code     6  stm32f4xx_sdio.o(i.SDIO_DMACmd)
    SDIO_DataConfig                          0x080014bd   Thumb Code    44  stm32f4xx_sdio.o(i.SDIO_DataConfig)
    SDIO_DeInit                              0x080014ed   Thumb Code    24  stm32f4xx_sdio.o(i.SDIO_DeInit)
    SDIO_GetCommandResponse                  0x08001505   Thumb Code     8  stm32f4xx_sdio.o(i.SDIO_GetCommandResponse)
    SDIO_GetFlagStatus                       0x08001511   Thumb Code    16  stm32f4xx_sdio.o(i.SDIO_GetFlagStatus)
    SDIO_GetITStatus                         0x08001525   Thumb Code    16  stm32f4xx_sdio.o(i.SDIO_GetITStatus)
    SDIO_GetPowerState                       0x08001539   Thumb Code    10  stm32f4xx_sdio.o(i.SDIO_GetPowerState)
    SDIO_GetResponse                         0x08001549   Thumb Code    14  stm32f4xx_sdio.o(i.SDIO_GetResponse)
    SDIO_IRQHandler                          0x0800155d   Thumb Code     4  stm32f4xx_it.o(i.SDIO_IRQHandler)
    SDIO_ITConfig                            0x08001561   Thumb Code    18  stm32f4xx_sdio.o(i.SDIO_ITConfig)
    SDIO_Init                                0x08001579   Thumb Code    58  stm32f4xx_sdio.o(i.SDIO_Init)
    SDIO_ReadData                            0x080015b9   Thumb Code     6  stm32f4xx_sdio.o(i.SDIO_ReadData)
    SDIO_SendCommand                         0x080015c5   Thumb Code    38  stm32f4xx_sdio.o(i.SDIO_SendCommand)
    SDIO_SetPowerState                       0x080015f1   Thumb Code     6  stm32f4xx_sdio.o(i.SDIO_SetPowerState)
    SD_Detect                                0x080015fd   Thumb Code    16  stm32f4_discovery_sdio_sd.o(i.SD_Detect)
    SD_EnableWideBusOperation                0x0800160d   Thumb Code   120  stm32f4_discovery_sdio_sd.o(i.SD_EnableWideBusOperation)
    SD_GetCardInfo                           0x0800168d   Thumb Code   678  stm32f4_discovery_sdio_sd.o(i.SD_GetCardInfo)
    SD_GetStatus                             0x08001941   Thumb Code    84  stm32f4_discovery_sdio_sd.o(i.SD_GetStatus)
    SD_Init                                  0x0800199d   Thumb Code   148  stm32f4_discovery_sdio_sd.o(i.SD_Init)
    SD_InitializeCards                       0x08001a3d   Thumb Code   442  stm32f4_discovery_sdio_sd.o(i.SD_InitializeCards)
    SD_LowLevel_DMA_RxConfig                 0x08001c0d   Thumb Code   126  stm32f4_discovery.o(i.SD_LowLevel_DMA_RxConfig)
    SD_LowLevel_DMA_TxConfig                 0x08001c95   Thumb Code   128  stm32f4_discovery.o(i.SD_LowLevel_DMA_TxConfig)
    SD_LowLevel_Init                         0x08001d1d   Thumb Code   184  stm32f4_discovery.o(i.SD_LowLevel_Init)
    SD_PowerON                               0x08001ddd   Thumb Code   492  stm32f4_discovery_sdio_sd.o(i.SD_PowerON)
    SD_ProcessDMAIRQ                         0x08001fd9   Thumb Code    28  stm32f4_discovery_sdio_sd.o(i.SD_ProcessDMAIRQ)
    SD_ProcessIRQSrc                         0x08002001   Thumb Code   144  stm32f4_discovery_sdio_sd.o(i.SD_ProcessIRQSrc)
    SD_ReadBlock                             0x08002095   Thumb Code   174  stm32f4_discovery_sdio_sd.o(i.SD_ReadBlock)
    SD_ReadMultiBlocksFIXED                  0x08002155   Thumb Code   188  stm32f4_discovery_sdio_sd.o(i.SD_ReadMultiBlocksFIXED)
    SD_WaitReadOperation                     0x08002221   Thumb Code   118  stm32f4_discovery_sdio_sd.o(i.SD_WaitReadOperation)
    SD_WaitWriteOperation                    0x080022a5   Thumb Code   118  stm32f4_discovery_sdio_sd.o(i.SD_WaitWriteOperation)
    SD_WriteMultiBlocksFIXED                 0x08002329   Thumb Code   266  stm32f4_discovery_sdio_sd.o(i.SD_WriteMultiBlocksFIXED)
    SVC_Handler                              0x08002445   Thumb Code     2  stm32f4xx_it.o(i.SVC_Handler)
    SysTick_Handler                          0x08002449   Thumb Code    18  stm32f4xx_it.o(i.SysTick_Handler)
    SystemInit                               0x08002461   Thumb Code   214  system_stm32f4xx.o(i.SystemInit)
    TIM_Cmd                                  0x08002559   Thumb Code    18  stm32f4xx_tim.o(i.TIM_Cmd)
    TIM_OC2Init                              0x0800256b   Thumb Code   138  stm32f4xx_tim.o(i.TIM_OC2Init)
    TIM_OC2PreloadConfig                     0x080025f5   Thumb Code    20  stm32f4xx_tim.o(i.TIM_OC2PreloadConfig)
    TIM_TimeBaseInit                         0x08002609   Thumb Code   118  stm32f4xx_tim.o(i.TIM_TimeBaseInit)
    USART_Cmd                                0x08002689   Thumb Code    18  stm32f4xx_usart.o(i.USART_Cmd)
    USART_Init                               0x0800269d   Thumb Code   180  stm32f4xx_usart.o(i.USART_Init)
    UsageFault_Handler                       0x08002755   Thumb Code     2  stm32f4xx_it.o(i.UsageFault_Handler)
    __scatterload_copy                       0x08002757   Thumb Code    14  handlers.o(i.__scatterload_copy)
    __scatterload_null                       0x08002765   Thumb Code     2  handlers.o(i.__scatterload_null)
    __scatterload_zeroinit                   0x08002767   Thumb Code    14  handlers.o(i.__scatterload_zeroinit)
    disk_initialize                          0x08002c79   Thumb Code    22  diskio.o(i.disk_initialize)
    disk_ioctl                               0x08002c8f   Thumb Code     4  diskio.o(i.disk_ioctl)
    disk_read                                0x08002c95   Thumb Code   168  diskio.o(i.disk_read)
    disk_status                              0x08002d3d   Thumb Code    18  diskio.o(i.disk_status)
    disk_write                               0x08002d51   Thumb Code   176  diskio.o(i.disk_write)
    f_close                                  0x08002e01   Thumb Code    18  ff.o(i.f_close)
    f_mount                                  0x08002e15   Thumb Code    32  ff.o(i.f_mount)
    f_open                                   0x08002e39   Thumb Code   400  ff.o(i.f_open)
    f_opendir                                0x08002fc9   Thumb Code    88  ff.o(i.f_opendir)
    f_sync                                   0x08003021   Thumb Code   204  ff.o(i.f_sync)
    f_write                                  0x080030ed   Thumb Code   464  ff.o(i.f_write)
    get_fat                                  0x080034ad   Thumb Code   192  ff.o(i.get_fat)
    get_fattime                              0x0800356d   Thumb Code     4  diskio.o(i.get_fattime)
    main                                     0x08003571   Thumb Code   946  main.o(i.main)
    put_fat                                  0x08003a7d   Thumb Code   250  ff.o(i.put_fat)
    svga_regs                                0x08003e6a   Data          70  ov2640.o(.constdata)
    Region$$Table$$Base                      0x08003f08   Number         0  anon$$obj.o(Region$$Table)
    Region$$Table$$Limit                     0x08003f28   Number         0  anon$$obj.o(Region$$Table)
    DCMI_TIMEOUT_MAX                         0x20000000   Data           4  sccb.o(.data)
    SystemCoreClock                          0x20000004   Data           4  system_stm32f4xx.o(.data)
    AHBPrescTable                            0x20000008   Data          16  system_stm32f4xx.o(.data)
    jpg_flag                                 0x20000018   Data           1  main.o(.data)
    Status                                   0x20000019   Data           1  main.o(.data)
    fr                                       0x2000001a   Data           1  main.o(.data)
    GPIO_InitStructure                       0x2000001c   Data           8  main.o(.data)
    d_m                                      0x20000024   Data           4  stm32f4xx_it.o(.data)
    TransferError                            0x20000030   Data           1  stm32f4_discovery_sdio_sd.o(.data)
    StopCondition                            0x2000003c   Data           4  stm32f4_discovery_sdio_sd.o(.data)
    TransferEnd                              0x20000040   Data           4  stm32f4_discovery_sdio_sd.o(.data)
    DMAEndOfTransfer                         0x20000044   Data           4  stm32f4_discovery_sdio_sd.o(.data)
    JpegBuffer                               0x20000058   Data       102400  main.o(.bss)
    aBuffer_Block_Tx                         0x20019058   Data         512  main.o(.bss)
    microSD_fatfs                            0x20019258   Data         560  main.o(.bss)
    directory                                0x20019488   Data          28  main.o(.bss)
    fil                                      0x200194a4   Data         548  main.o(.bss)
    SDCardInfo                               0x200196f8   Data          88  stm32f4_discovery_sdio_sd.o(.bss)
    SDIO_InitStructure                       0x20019750   Data          24  stm32f4_discovery_sdio_sd.o(.bss)
    SDIO_CmdInitStructure                    0x20019768   Data          20  stm32f4_discovery_sdio_sd.o(.bss)
    SDIO_DataInitStructure                   0x2001977c   Data          24  stm32f4_discovery_sdio_sd.o(.bss)
    __initial_sp                             0x20019b98   Data           0  startup_stm32f4xx.o(STACK)



==============================================================================

Memory Map of the image

  Image Entry point : 0x08000189

  Load Region LR_IROM1 (Base: 0x08000000, Size: 0x00003f80, Max: 0x00100000, ABSOLUTE)

    Execution Region ER_IROM1 (Base: 0x08000000, Size: 0x00003f28, Max: 0x00100000, ABSOLUTE)

    Base Addr    Size         Type   Attr      Idx    E Section Name        Object

    0x08000000   0x00000188   Data   RO         2905    RESET               startup_stm32f4xx.o
    0x08000188   0x00000000   Code   RO         2910  * .ARM.Collect$$$$00000000  mc_w.l(entry.o)
    0x08000188   0x00000004   Code   RO         2917    .ARM.Collect$$$$00000001  mc_w.l(entry2.o)
    0x0800018c   0x00000004   Code   RO         2920    .ARM.Collect$$$$00000004  mc_w.l(entry5.o)
    0x08000190   0x00000000   Code   RO         2922    .ARM.Collect$$$$00000008  mc_w.l(entry7b.o)
    0x08000190   0x00000000   Code   RO         2924    .ARM.Collect$$$$0000000A  mc_w.l(entry8b.o)
    0x08000190   0x00000008   Code   RO         2925    .ARM.Collect$$$$0000000B  mc_w.l(entry9a.o)
    0x08000198   0x00000000   Code   RO         2927    .ARM.Collect$$$$0000000D  mc_w.l(entry10a.o)
    0x08000198   0x00000000   Code   RO         2929    .ARM.Collect$$$$0000000F  mc_w.l(entry11a.o)
    0x08000198   0x00000004   Code   RO         2918    .ARM.Collect$$$$00002712  mc_w.l(entry2.o)
    0x0800019c   0x00000024   Code   RO         2906    .text               startup_stm32f4xx.o
    0x080001c0   0x00000024   Code   RO         2913    .text               mc_w.l(memcpya.o)
    0x080001e4   0x00000024   Code   RO         2931    .text               mc_w.l(init.o)
    0x08000208   0x00000002   Code   RO          314    i.BusFault_Handler  stm32f4xx_it.o
    0x0800020a   0x00000002   PAD
    0x0800020c   0x00000124   Code   RO          676    i.CmdResp1Error     stm32f4_discovery_sdio_sd.o
    0x08000330   0x00000018   Code   RO         1549    i.DCMI_CaptureCmd   stm32f4xx_dcmi.o
    0x08000348   0x0000000c   Code   RO         1551    i.DCMI_ClearITPendingBit  stm32f4xx_dcmi.o
    0x08000354   0x00000018   Code   RO         1552    i.DCMI_Cmd          stm32f4xx_dcmi.o
    0x0800036c   0x00000180   Code   RO          200    i.DCMI_Config       main.o
    0x080004ec   0x00000014   Code   RO         1555    i.DCMI_GetITStatus  stm32f4xx_dcmi.o
    0x08000500   0x0000006c   Code   RO          315    i.DCMI_IRQHandler   stm32f4xx_it.o
    0x0800056c   0x00000018   Code   RO         1556    i.DCMI_ITConfig     stm32f4xx_dcmi.o
    0x08000584   0x00000054   Code   RO         1557    i.DCMI_Init         stm32f4xx_dcmi.o
    0x080005d8   0x00000018   Code   RO         1558    i.DCMI_JPEGCmd      stm32f4xx_dcmi.o
    0x080005f0   0x00000124   Code   RO            2    i.DCMI_SingleRandomRead  sccb.o
    0x08000714   0x000000ac   Code   RO            3    i.DCMI_SingleRandomWrite  sccb.o
    0x080007c0   0x00000004   Code   RO          316    i.DMA2_Stream3_IRQHandler  stm32f4xx_it.o
    0x080007c4   0x0000002c   Code   RO         2048    i.DMA_ClearFlag     stm32f4xx_dma.o
    0x080007f0   0x00000012   Code   RO         2050    i.DMA_Cmd           stm32f4xx_dma.o
    0x08000802   0x00000002   PAD
    0x08000804   0x00000184   Code   RO         2051    i.DMA_DeInit        stm32f4xx_dma.o
    0x08000988   0x00000012   Code   RO         2054    i.DMA_FlowControllerConfig  stm32f4xx_dma.o
    0x0800099a   0x00000040   Code   RO         2061    i.DMA_ITConfig      stm32f4xx_dma.o
    0x080009da   0x00000002   PAD
    0x080009dc   0x00000078   Code   RO         2062    i.DMA_Init          stm32f4xx_dma.o
    0x08000a54   0x00000002   Code   RO          317    i.DebugMon_Handler  stm32f4xx_it.o
    0x08000a56   0x00000002   PAD
    0x08000a58   0x00000010   Code   RO          201    i.Delayms           main.o
    0x08000a68   0x00000090   Code   RO         1344    i.GPIO_Init         stm32f4xx_gpio.o
    0x08000af8   0x00000022   Code   RO         1345    i.GPIO_PinAFConfig  stm32f4xx_gpio.o
    0x08000b1a   0x0000000e   Code   RO         1348    i.GPIO_ReadInputDataBit  stm32f4xx_gpio.o
    0x08000b28   0x00000004   Code   RO         1351    i.GPIO_ResetBits    stm32f4xx_gpio.o
    0x08000b2c   0x00000004   Code   RO         1352    i.GPIO_SetBits      stm32f4xx_gpio.o
    0x08000b30   0x00000002   Code   RO          318    i.HardFault_Handler  stm32f4xx_it.o
    0x08000b32   0x00000012   Code   RO         1838    i.I2C_AcknowledgeConfig  stm32f4xx_i2c.o
    0x08000b44   0x0000001a   Code   RO         1840    i.I2C_CheckEvent    stm32f4xx_i2c.o
    0x08000b5e   0x00000012   Code   RO         1843    i.I2C_Cmd           stm32f4xx_i2c.o
    0x08000b70   0x00000064   Code   RO         1846    i.I2C_DeInit        stm32f4xx_i2c.o
    0x08000bd4   0x00000012   Code   RO         1850    i.I2C_GenerateSTART  stm32f4xx_i2c.o
    0x08000be6   0x00000012   Code   RO         1851    i.I2C_GenerateSTOP  stm32f4xx_i2c.o
    0x08000bf8   0x000000c4   Code   RO         1857    i.I2C_Init          stm32f4xx_i2c.o
    0x08000cbc   0x00000006   Code   RO         1862    i.I2C_ReceiveData   stm32f4xx_i2c.o
    0x08000cc2   0x00000010   Code   RO         1864    i.I2C_Send7bitAddress  stm32f4xx_i2c.o
    0x08000cd2   0x00000004   Code   RO         1865    i.I2C_SendData      stm32f4xx_i2c.o
    0x08000cd6   0x00000002   Code   RO          319    i.MemManage_Handler  stm32f4xx_it.o
    0x08000cd8   0x00000002   Code   RO          320    i.NMI_Handler       stm32f4xx_it.o
    0x08000cda   0x00000002   PAD
    0x08000cdc   0x00000070   Code   RO         1297    i.NVIC_Init         misc.o
    0x08000d4c   0x00000014   Code   RO         1298    i.NVIC_PriorityGroupConfig  misc.o
    0x08000d60   0x000000bc   Code   RO          204    i.OV2460_IOConfigure  main.o
    0x08000e1c   0x00000088   Code   RO          206    i.OV2640_DMA_Init   main.o
    0x08000ea4   0x00000154   Code   RO          403    i.OV2640_JPEGFullInit  ov2640.o
    0x08000ff8   0x00000002   Code   RO          321    i.PendSV_Handler    stm32f4xx_it.o
    0x08000ffa   0x00000002   PAD
    0x08000ffc   0x00000018   Code   RO          943    i.RCC_AHB1PeriphClockCmd  stm32f4xx_rcc.o
    0x08001014   0x00000018   Code   RO          946    i.RCC_AHB2PeriphClockCmd  stm32f4xx_rcc.o
    0x0800102c   0x00000018   Code   RO          952    i.RCC_APB1PeriphClockCmd  stm32f4xx_rcc.o
    0x08001044   0x00000018   Code   RO          954    i.RCC_APB1PeriphResetCmd  stm32f4xx_rcc.o
    0x0800105c   0x00000018   Code   RO          955    i.RCC_APB2PeriphClockCmd  stm32f4xx_rcc.o
    0x08001074   0x00000018   Code   RO          957    i.RCC_APB2PeriphResetCmd  stm32f4xx_rcc.o
    0x0800108c   0x000000a8   Code   RO          964    i.RCC_GetClocksFreq  stm32f4xx_rcc.o
    0x08001134   0x000000a0   Code   RO            4    i.SCCB_GPIO_Config  sccb.o
    0x080011d4   0x000000ac   Code   RO            5    i.SCCB_Write        sccb.o
    0x08001280   0x0000020c   Code   RO          678    i.SDEnWideBus       stm32f4_discovery_sdio_sd.o
    0x0800148c   0x0000000c   Code   RO         2712    i.SDIO_ClearFlag    stm32f4xx_sdio.o
    0x08001498   0x0000000c   Code   RO         2713    i.SDIO_ClearITPendingBit  stm32f4xx_sdio.o
    0x080014a4   0x0000000c   Code   RO         2714    i.SDIO_ClockCmd     stm32f4xx_sdio.o
    0x080014b0   0x0000000c   Code   RO         2717    i.SDIO_DMACmd       stm32f4xx_sdio.o
    0x080014bc   0x00000030   Code   RO         2718    i.SDIO_DataConfig   stm32f4xx_sdio.o
    0x080014ec   0x00000018   Code   RO         2720    i.SDIO_DeInit       stm32f4xx_sdio.o
    0x08001504   0x0000000c   Code   RO         2721    i.SDIO_GetCommandResponse  stm32f4xx_sdio.o
    0x08001510   0x00000014   Code   RO         2724    i.SDIO_GetFlagStatus  stm32f4xx_sdio.o
    0x08001524   0x00000014   Code   RO         2725    i.SDIO_GetITStatus  stm32f4xx_sdio.o
    0x08001538   0x00000010   Code   RO         2726    i.SDIO_GetPowerState  stm32f4xx_sdio.o
    0x08001548   0x00000014   Code   RO         2727    i.SDIO_GetResponse  stm32f4xx_sdio.o
    0x0800155c   0x00000004   Code   RO          322    i.SDIO_IRQHandler   stm32f4xx_it.o
    0x08001560   0x00000018   Code   RO         2728    i.SDIO_ITConfig     stm32f4xx_sdio.o
    0x08001578   0x00000040   Code   RO         2729    i.SDIO_Init         stm32f4xx_sdio.o
    0x080015b8   0x0000000c   Code   RO         2730    i.SDIO_ReadData     stm32f4xx_sdio.o
    0x080015c4   0x0000002c   Code   RO         2732    i.SDIO_SendCommand  stm32f4xx_sdio.o
    0x080015f0   0x0000000c   Code   RO         2734    i.SDIO_SetPowerState  stm32f4xx_sdio.o
    0x080015fc   0x00000010   Code   RO          680    i.SD_Detect         stm32f4_discovery_sdio_sd.o
    0x0800160c   0x00000080   Code   RO          681    i.SD_EnableWideBusOperation  stm32f4_discovery_sdio_sd.o
    0x0800168c   0x000002b4   Code   RO          683    i.SD_GetCardInfo    stm32f4_discovery_sdio_sd.o
    0x08001940   0x0000005c   Code   RO          686    i.SD_GetStatus      stm32f4_discovery_sdio_sd.o
    0x0800199c   0x000000a0   Code   RO          688    i.SD_Init           stm32f4_discovery_sdio_sd.o
    0x08001a3c   0x000001d0   Code   RO          689    i.SD_InitializeCards  stm32f4_discovery_sdio_sd.o
    0x08001c0c   0x00000088   Code   RO          868    i.SD_LowLevel_DMA_RxConfig  stm32f4_discovery.o
    0x08001c94   0x00000088   Code   RO          869    i.SD_LowLevel_DMA_TxConfig  stm32f4_discovery.o
    0x08001d1c   0x000000c0   Code   RO          871    i.SD_LowLevel_Init  stm32f4_discovery.o
    0x08001ddc   0x000001fc   Code   RO          691    i.SD_PowerON        stm32f4_discovery_sdio_sd.o
    0x08001fd8   0x00000028   Code   RO          692    i.SD_ProcessDMAIRQ  stm32f4_discovery_sdio_sd.o
    0x08002000   0x00000094   Code   RO          693    i.SD_ProcessIRQSrc  stm32f4_discovery_sdio_sd.o
    0x08002094   0x000000c0   Code   RO          694    i.SD_ReadBlock      stm32f4_discovery_sdio_sd.o
    0x08002154   0x000000cc   Code   RO          696    i.SD_ReadMultiBlocksFIXED  stm32f4_discovery_sdio_sd.o
    0x08002220   0x00000084   Code   RO          701    i.SD_WaitReadOperation  stm32f4_discovery_sdio_sd.o
    0x080022a4   0x00000084   Code   RO          702    i.SD_WaitWriteOperation  stm32f4_discovery_sdio_sd.o
    0x08002328   0x0000011c   Code   RO          705    i.SD_WriteMultiBlocksFIXED  stm32f4_discovery_sdio_sd.o
    0x08002444   0x00000002   Code   RO          323    i.SVC_Handler       stm32f4xx_it.o
    0x08002446   0x00000002   PAD
    0x08002448   0x00000018   Code   RO          324    i.SysTick_Handler   stm32f4xx_it.o
    0x08002460   0x000000f8   Code   RO          150    i.SystemInit        system_stm32f4xx.o
    0x08002558   0x00000012   Code   RO         2187    i.TIM_Cmd           stm32f4xx_tim.o
    0x0800256a   0x0000008a   Code   RO         2221    i.TIM_OC2Init       stm32f4xx_tim.o
    0x080025f4   0x00000014   Code   RO         2224    i.TIM_OC2PreloadConfig  stm32f4xx_tim.o
    0x08002608   0x00000080   Code   RO         2259    i.TIM_TimeBaseInit  stm32f4xx_tim.o
    0x08002688   0x00000012   Code   RO         1654    i.USART_Cmd         stm32f4xx_usart.o
    0x0800269a   0x00000002   PAD
    0x0800269c   0x000000b8   Code   RO         1661    i.USART_Init        stm32f4xx_usart.o
    0x08002754   0x00000002   Code   RO          325    i.UsageFault_Handler  stm32f4xx_it.o
    0x08002756   0x0000000e   Code   RO         2935    i.__scatterload_copy  mc_w.l(handlers.o)
    0x08002764   0x00000002   Code   RO         2936    i.__scatterload_null  mc_w.l(handlers.o)
    0x08002766   0x0000000e   Code   RO         2937    i.__scatterload_zeroinit  mc_w.l(handlers.o)
    0x08002774   0x000002a8   Code   RO          444    i.chk_mounted       ff.o
    0x08002a1c   0x000000a0   Code   RO          446    i.create_chain      ff.o
    0x08002abc   0x00000124   Code   RO          447    i.dir_next          ff.o
    0x08002be0   0x00000098   Code   RO          448    i.dir_sdi           ff.o
    0x08002c78   0x00000016   Code   RO          628    i.disk_initialize   diskio.o
    0x08002c8e   0x00000004   Code   RO          629    i.disk_ioctl        diskio.o
    0x08002c92   0x00000002   PAD
    0x08002c94   0x000000a8   Code   RO          630    i.disk_read         diskio.o
    0x08002d3c   0x00000012   Code   RO          631    i.disk_status       diskio.o
    0x08002d4e   0x00000002   PAD
    0x08002d50   0x000000b0   Code   RO          632    i.disk_write        diskio.o
    0x08002e00   0x00000012   Code   RO          450    i.f_close           ff.o
    0x08002e12   0x00000002   PAD
    0x08002e14   0x00000024   Code   RO          454    i.f_mount           ff.o
    0x08002e38   0x00000190   Code   RO          455    i.f_open            ff.o
    0x08002fc8   0x00000058   Code   RO          456    i.f_opendir         ff.o
    0x08003020   0x000000cc   Code   RO          461    i.f_sync            ff.o
    0x080030ec   0x000001d0   Code   RO          465    i.f_write           ff.o
    0x080032bc   0x000001f0   Code   RO          466    i.follow_path       ff.o
    0x080034ac   0x000000c0   Code   RO          467    i.get_fat           ff.o
    0x0800356c   0x00000004   Code   RO          633    i.get_fattime       diskio.o
    0x08003570   0x000003fc   Code   RO          211    i.main              main.o
    0x0800396c   0x00000054   Code   RO          468    i.mem_cpy           ff.o
    0x080039c0   0x00000048   Code   RO          469    i.mem_set           ff.o
    0x08003a08   0x00000074   Code   RO          470    i.move_window       ff.o
    0x08003a7c   0x000000fa   Code   RO          471    i.put_fat           ff.o
    0x08003b76   0x00000062   Code   RO          472    i.remove_chain      ff.o
    0x08003bd8   0x000000b4   Code   RO          473    i.sync              ff.o
    0x08003c8c   0x0000027c   Data   RO          405    .constdata          ov2640.o
    0x08003f08   0x00000020   Data   RO         2933    Region$$Table       anon$$obj.o


    Execution Region RW_IRAM1 (Base: 0x20000000, Size: 0x00019b98, Max: 0x00020000, ABSOLUTE)

    Base Addr    Size         Type   Attr      Idx    E Section Name        Object

    0x20000000   0x00000004   Data   RW            6    .data               sccb.o
    0x20000004   0x00000014   Data   RW          151    .data               system_stm32f4xx.o
    0x20000018   0x0000000c   Data   RW          213    .data               main.o
    0x20000024   0x00000004   Data   RW          326    .data               stm32f4xx_it.o
    0x20000028   0x00000008   Data   RW          474    .data               ff.o
    0x20000030   0x00000018   Data   RW          708    .data               stm32f4_discovery_sdio_sd.o
    0x20000048   0x00000010   Data   RW          987    .data               stm32f4xx_rcc.o
    0x20000058   0x00019670   Zero   RW          212    .bss                main.o
    0x200196c8   0x000000cc   Zero   RW          707    .bss                stm32f4_discovery_sdio_sd.o
    0x20019794   0x00000004   PAD
    0x20019798   0x00000400   Zero   RW         2903    STACK               startup_stm32f4xx.o


==============================================================================

Image component sizes


      Code (inc. data)   RO Data    RW Data    ZI Data      Debug   Object Name

       392          0          0          0          0       4626   diskio.o
      3982         42          0          8          0      21647   ff.o
      1744        120          0         12     104048      33478   main.o
       132         16          0          0          0      16703   misc.o
       340         26        636          0          0       5722   ov2640.o
       796         84          0          4          0     283692   sccb.o
        36          8        392          0       1024        880   startup_stm32f4xx.o
       464         26          0          0          0       2537   stm32f4_discovery.o
      4008        204          0         24        204      19005   stm32f4_discovery_sdio_sd.o
       212         32          0          0          0       9176   stm32f4xx_dcmi.o
       652        110          0          0          0      19092   stm32f4xx_dma.o
       200          0          0          0          0      10411   stm32f4xx_gpio.o
       420          8          0          0          0      15553   stm32f4xx_i2c.o
       156         14          0          4          0       6210   stm32f4xx_it.o
       312         54          0         16          0      20202   stm32f4xx_rcc.o
       364         82          0          0          0      21602   stm32f4xx_sdio.o
       304         10          0          0          0      24637   stm32f4xx_tim.o
       202          4          0          0          0       8453   stm32f4xx_usart.o
       248         34          0         20          0     209025   system_stm32f4xx.o

    ----------------------------------------------------------------------
     14986        874       1060         88     105280     732651   Object Totals
         0          0         32          0          0          0   (incl. Generated)
        22          0          0          0          4          0   (incl. Padding)

    ----------------------------------------------------------------------

      Code (inc. data)   RO Data    RW Data    ZI Data      Debug   Library Member Name

         0          0          0          0          0          0   entry.o
         0          0          0          0          0          0   entry10a.o
         0          0          0          0          0          0   entry11a.o
         8          4          0          0          0          0   entry2.o
         4          0          0          0          0          0   entry5.o
         0          0          0          0          0          0   entry7b.o
         0          0          0          0          0          0   entry8b.o
         8          4          0          0          0          0   entry9a.o
        30          0          0          0          0          0   handlers.o
        36          8          0          0          0         68   init.o
        36          0          0          0          0         68   memcpya.o

    ----------------------------------------------------------------------
       122         16          0          0          0        136   Library Totals
         0          0          0          0          0          0   (incl. Padding)

    ----------------------------------------------------------------------

      Code (inc. data)   RO Data    RW Data    ZI Data      Debug   Library Name

       122         16          0          0          0        136   mc_w.l

    ----------------------------------------------------------------------
       122         16          0          0          0        136   Library Totals

    ----------------------------------------------------------------------

==============================================================================


      Code (inc. data)   RO Data    RW Data    ZI Data      Debug   

     15108        890       1060         88     105280     720987   Grand Totals
     15108        890       1060         88     105280     720987   ELF Image Totals
     15108        890       1060         88          0          0   ROM Totals

==============================================================================

    Total RO  Size (Code + RO Data)                16168 (  15.79kB)
    Total RW  Size (RW Data + ZI Data)            105368 ( 102.90kB)
    Total ROM Size (Code + RO Data + RW Data)      16256 (  15.88kB)

==============================================================================

